This is LuaHBTeX, Version 1.14.0 (TeX Live 2022/dev/Debian)  (format=lualatex 2025.6.26)  16 SEP 2025 11:52
 restricted system commands enabled.
**main.tex
(./main.tex
LaTeX2e <2021-11-15> patch level 1
Lua module: luaotfload 2021-05-21 3.18 Lua based OpenType font support
Lua module: lualibs 2021-05-20 2.74 ConTeXt Lua standard libraries.
Lua module: lualibs-extended 2021-05-20 2.74 ConTeXt Lua libraries -- extended c
ollection.
luaotfload | conf : Root cache directory is "/home/simone/.texlive2021/texmf-var
/luatex-cache/generic/names".
luaotfload | init : Loading fontloader "fontloader-2021-05-20.lua" from kpse-res
olved path "/usr/share/texlive/texmf-dist/tex/luatex/luaotfload/fontloader-2021-
05-20.lua".
Lua-only attribute luaotfload@noligature = 1
Lua-only attribute luaotfload@syllabe = 2
luaotfload | init : Context OpenType loader version 3.116
Inserting `luaotfload.node_processor' at position 1 in `pre_linebreak_filter'.
Inserting `luaotfload.node_processor' at position 1 in `hpack_filter'.
Inserting `luaotfload.glyph_stream' at position 1 in `glyph_stream_provider'.
Inserting `luaotfload.define_font' at position 1 in `define_font'.
Lua-only attribute luaotfload_color_attribute = 3
luaotfload | conf : Root cache directory is "/home/simone/.texlive2021/texmf-var
/luatex-cache/generic/names".
Inserting `luaotfload.harf.strip_prefix' at position 1 in `find_opentype_file'.
Inserting `luaotfload.harf.strip_prefix' at position 1 in `find_truetype_file'.
Inserting `luaotfload.harf.finalize_vlist' at position 1 in `post_linebreak_filt
er'.
Inserting `luaotfload.harf.finalize_hlist' at position 2 in `hpack_filter'.
Inserting `luaotfload.cleanup_files' at position 1 in `wrapup_run'.
Inserting `luaotfload.harf.finalize_unicode' at position 1 in `finish_pdffile'.
Inserting `luaotfload.glyphinfo' at position 1 in `glyph_info'.
Lua-only attribute luaotfload.letterspace_done = 4
Inserting `luaotfload.aux.set_sscale_dimens' at position 1 in `luaotfload.patch_
font'.
Inserting `luaotfload.aux.set_font_index' at position 2 in `luaotfload.patch_fon
t'.
Inserting `luaotfload.aux.patch_cambria_domh' at position 3 in `luaotfload.patch
_font'.
Inserting `luaotfload.aux.fixup_fontdata' at position 1 in `luaotfload.patch_fon
t_unsafe'.
Inserting `luaotfload.aux.set_capheight' at position 4 in `luaotfload.patch_font
'.
Inserting `luaotfload.aux.set_xheight' at position 5 in `luaotfload.patch_font'.
Inserting `luaotfload.rewrite_fontname' at position 6 in `luaotfload.patch_font'
. L3 programming layer <2022-01-21>
Inserting `tracingstacklevels' at position 1 in `input_level_string'.
(/usr/share/texlive/texmf-dist/tex/latex/base/report.cls
Document Class: report 2021/10/04 v1.4n Standard LaTeX document class
(/usr/share/texlive/texmf-dist/tex/latex/base/size11.clo
File: size11.clo 2021/10/04 v1.4n Standard LaTeX file (size option)
luaotfload | db : Font names database loaded from /home/simone/.texlive2021/texm
f-var/luatex-cache/generic/names/luaotfload-names.luc)
\c@part=\count183
\c@chapter=\count184
\c@section=\count185
\c@subsection=\count186
\c@subsubsection=\count187
\c@paragraph=\count188
\c@subparagraph=\count189
\c@figure=\count190
\c@table=\count191
\abovecaptionskip=\skip47
\belowcaptionskip=\skip48
\bibindent=\dimen137
)
(/usr/share/texlive/texmf-dist/tex/latex/base/inputenc.sty
Package: inputenc 2021/02/14 v1.3d Input encoding file
\inpenc@prehook=\toks16
\inpenc@posthook=\toks17


Package inputenc Warning: inputenc package ignored with utf8 based engines.

) (/usr/share/texlive/texmf-dist/tex/latex/amsmath/amsmath.sty
Package: amsmath 2021/10/15 v2.17l AMS math features
\@mathmargin=\skip49

For additional information on amsmath, use the `?' option.
(/usr/share/texlive/texmf-dist/tex/latex/amsmath/amstext.sty
Package: amstext 2021/08/26 v2.01 AMS text

(/usr/share/texlive/texmf-dist/tex/latex/amsmath/amsgen.sty
File: amsgen.sty 1999/11/30 v2.0 generic functions
\@emptytoks=\toks18
\ex@=\dimen138
))
(/usr/share/texlive/texmf-dist/tex/latex/amsmath/amsbsy.sty
Package: amsbsy 1999/11/29 v1.2d Bold Symbols
\pmbraise@=\dimen139
)
(/usr/share/texlive/texmf-dist/tex/latex/amsmath/amsopn.sty
Package: amsopn 2021/08/26 v2.02 operator names
)
\inf@bad=\count192
LaTeX Info: Redefining \frac on input line 236.
\uproot@=\count193
\leftroot@=\count194
LaTeX Info: Redefining \overline on input line 399.
\classnum@=\count195
\DOTSCASE@=\count196
LaTeX Info: Redefining \ldots on input line 496.
LaTeX Info: Redefining \dots on input line 499.
LaTeX Info: Redefining \cdots on input line 620.
\Mathstrutbox@=\box50
\strutbox@=\box51
\big@size=\dimen140
LaTeX Font Info:    Redeclaring font encoding OML on input line 743.
LaTeX Font Info:    Redeclaring font encoding OMS on input line 744.
\macc@depth=\count197
\c@MaxMatrixCols=\count198
\dotsspace@=\muskip16
\c@parentequation=\count199
\dspbrk@lvl=\count266
\tag@help=\toks19
\row@=\count267
\column@=\count268
\maxfields@=\count269
\andhelp@=\toks20
\eqnshift@=\dimen141
\alignsep@=\dimen142
\tagshift@=\dimen143
\tagwidth@=\dimen144
\totwidth@=\dimen145
\lineht@=\dimen146
\@envbody=\toks21
\multlinegap=\skip50
\multlinetaggap=\skip51
\mathdisplay@stack=\toks22
LaTeX Info: Redefining \[ on input line 2938.
LaTeX Info: Redefining \] on input line 2939.
)
(/usr/share/texlive/texmf-dist/tex/latex/amsfonts/amsfonts.sty
Package: amsfonts 2013/01/14 v3.01 Basic AMSFonts support
\symAMSa=\mathgroup4
\symAMSb=\mathgroup5
LaTeX Font Info:    Redeclaring math symbol \hbar on input line 98.
LaTeX Font Info:    Overwriting math alphabet `\mathfrak' in version `bold'
(Font)                  U/euf/m/n --> U/euf/b/n on input line 106.
)
(/usr/share/texlive/texmf-dist/tex/latex/amsfonts/amssymb.sty
Package: amssymb 2013/01/14 v3.01 AMS font symbols
)
(/usr/share/texlive/texmf-dist/tex/latex/graphics/graphicx.sty
Package: graphicx 2021/09/16 v1.2d Enhanced LaTeX Graphics (DPC,SPQR)

(/usr/share/texlive/texmf-dist/tex/latex/graphics/keyval.sty
Package: keyval 2014/10/28 v1.15 key=value parser (DPC)
\KV@toks@=\toks23
)
(/usr/share/texlive/texmf-dist/tex/latex/graphics/graphics.sty
Package: graphics 2021/03/04 v1.4d Standard LaTeX Graphics (DPC,SPQR)

(/usr/share/texlive/texmf-dist/tex/latex/graphics/trig.sty
Package: trig 2021/08/11 v1.11 sin cos tan (DPC)
)
(/usr/share/texlive/texmf-dist/tex/latex/graphics-cfg/graphics.cfg
File: graphics.cfg 2016/06/04 v1.11 sample graphics configuration
)
Package graphics Info: Driver file: luatex.def on input line 107.

(/usr/share/texlive/texmf-dist/tex/latex/graphics-def/luatex.def
File: luatex.def 2021/06/01 v1.2c Graphics/color driver for luatex
))
\Gin@req@height=\dimen147
\Gin@req@width=\dimen148
)
(/usr/share/texlive/texmf-dist/tex/latex/was/gensymb.sty
Package: gensymb 2003/07/02 v1.0 (WaS)
)
(/usr/share/texlive/texmf-dist/tex/latex/epstopdf-pkg/epstopdf.sty
Package: epstopdf 2020-01-24 v2.11 Conversion with epstopdf on the fly (HO)

(/usr/share/texlive/texmf-dist/tex/generic/infwarerr/infwarerr.sty
Package: infwarerr 2019/12/03 v1.5 Providing info/warning/error messages (HO)
)
(/usr/share/texlive/texmf-dist/tex/latex/grfext/grfext.sty
Package: grfext 2019/12/03 v1.3 Manage graphics extensions (HO)

(/usr/share/texlive/texmf-dist/tex/generic/kvdefinekeys/kvdefinekeys.sty
Package: kvdefinekeys 2019-12-19 v1.6 Define keys (HO)
))
(/usr/share/texlive/texmf-dist/tex/latex/kvoptions/kvoptions.sty
Package: kvoptions 2020-10-07 v3.14 Key value format for package options (HO)

(/usr/share/texlive/texmf-dist/tex/generic/ltxcmds/ltxcmds.sty
Package: ltxcmds 2020-05-10 v1.25 LaTeX kernel commands for general use (HO)
)
(/usr/share/texlive/texmf-dist/tex/generic/kvsetkeys/kvsetkeys.sty
Package: kvsetkeys 2019/12/15 v1.18 Key value parser (HO)
))
(/usr/share/texlive/texmf-dist/tex/generic/pdftexcmds/pdftexcmds.sty
Package: pdftexcmds 2020-06-27 v0.33 Utility functions of pdfTeX for LuaTeX (HO
)

(/usr/share/texlive/texmf-dist/tex/generic/iftex/iftex.sty
Package: iftex 2020/03/06 v1.0d TeX engine tests
)
Package pdftexcmds Info: \pdf@primitive is available.
Package pdftexcmds Info: \pdf@ifprimitive is available.
Package pdftexcmds Info: \pdfdraftmode found.
\pdftexcmds@toks=\toks24
)
(/usr/share/texlive/texmf-dist/tex/latex/epstopdf-pkg/epstopdf-base.sty
Package: epstopdf-base 2020-01-24 v2.11 Base part for package epstopdf
Package epstopdf-base Info: Redefining graphics rule for `.eps' on input line 4
85.
Package grfext Info: Graphics extension search list:
(grfext)             [.pdf,.png,.jpg,.mps,.jpeg,.jbig2,.jb2,.PDF,.PNG,.JPG,.JPE
G,.JBIG2,.JB2,.eps]
(grfext)             \AppendGraphicsExtensions on input line 504.

(/usr/share/texlive/texmf-dist/tex/latex/latexconfig/epstopdf-sys.cfg
File: epstopdf-sys.cfg 2010/07/13 v1.3 Configuration of (r)epstopdf for TeX Liv
e
)))
(/usr/share/texlive/texmf-dist/tex/latex/titlepic/titlepic.sty
Package: titlepic 2017/03/14 1.2 Package to display a picture on the title page

)
(/usr/share/texlive/texmf-dist/tex/latex/emptypage/emptypage.sty
Package: emptypage 2010/05/30 v1.2 Suppress page numbers and headings on empty 
pages
)
Package epstopdf-base Info: Redefining graphics rule for `.pdf' on input line 1
1.

(./preambolo.sty (/usr/share/texlive/texmf-dist/tex/latex/base/fontenc.sty
Package: fontenc 2021/04/29 v2.0v Standard LaTeX package
LaTeX Font Info:    Trying to load font information for T1+lmr on input line 11
2.

(/usr/share/texmf/tex/latex/lm/t1lmr.fd
File: t1lmr.fd 2009/10/30 v1.6 Font defs for Latin Modern
))
(/usr/share/texlive/texmf-dist/tex/generic/babel/babel.sty
Package: babel 2022/01/26 3.70 The Babel package

(/usr/share/texlive/texmf-dist/tex/generic/babel/luababel.def
\bbl@readstream=\read2
\l@dumylang=\language2
Package babel Info: Non-standard hyphenation setup on input line 118.
\l@nohyphenation=\language3
\l@spanish=\language4
\l@telugu=\language5
\l@esperanto=\language6
\l@basque=\language7
\l@ethiopic=\language8
\l@italian=\language9
\l@swedish=\language10
\l@finnish=\language11
\l@ibycus=\language12
\l@croatian=\language13
\l@hindi=\language14
\l@ngerman-x-2021-02-26=\language15
\l@friulan=\language16
\l@classiclatin=\language17
\l@usenglishmax=\language18
\l@lithuanian=\language19
\l@panjabi=\language20
\l@irish=\language21
\l@arabic=\language22
\l@ngerman=\language23
\l@romansh=\language24
\l@oriya=\language25
\l@welsh=\language26
\l@turkish=\language27
\l@armenian=\language28
\l@occitan=\language29
\l@russian=\language30
\l@polish=\language31
\l@tamil=\language32
\l@ukrainian=\language33
\l@nynorsk=\language34
\l@monogreek=\language35
\l@french=\language36
\l@assamese=\language37
\l@farsi=\language38
\l@portuguese=\language39
\l@gujarati=\language40
\l@uppersorbian=\language41
\l@pinyin=\language42
\l@bulgarian=\language43
\l@dutch=\language44
\l@marathi=\language45
\l@czech=\language46
\l@mongolianlmc=\language47
\l@romanian=\language48
\l@serbian=\language49
\l@sanskrit=\language50
\l@churchslavonic=\language51
\l@piedmontese=\language52
\l@thai=\language53
\l@estonian=\language54
\l@swissgerman=\language55
\l@slovak=\language56
\l@turkmen=\language57
\l@latin=\language58
\l@liturgicallatin=\language59
\l@danish=\language60
\l@belarusian=\language61
\l@malayalam=\language62
\l@greek=\language63
\l@mongolian=\language64
\l@bokmal=\language65
\l@pali=\language66
\l@german-x-2021-02-26=\language67
\l@hungarian=\language68
\l@ukenglish=\language69
\l@slovenian=\language70
\l@ancientgreek=\language71
\l@coptic=\language72
\l@kurmanji=\language73
\l@bengali=\language74
\l@latvian=\language75
\l@catalan=\language76
\l@german=\language77
\l@indonesian=\language78
\l@afrikaans=\language79
\l@galician=\language80
\l@macedonian=\language81
\l@schoolfinnish=\language82
\l@icelandic=\language83
\l@interlingua=\language84
\l@georgian=\language85
\l@kannada=\language86
\l@serbianc=\language87
\babelcatcodetablenum=\catcodetable12
\bbl@pattcodes=\catcodetable13
)
\babel@savecnt=\count270
\U@D=\dimen149
\l@unhyphenated=\language88

(/usr/share/texlive/texmf-dist/tex/generic/babel/luababel.def
\bbl@attr@locale=\attribute5
)
(/usr/share/texlive/texmf-dist/tex/generic/babel-italian/italian.ldf
Language: italian 2020/05/21 v.1.4.04 Italian support for the babel system
\it@lettering=\count271
\it@doublequoteactive=\count272
\it@ISOcompliance=\count273

(/usr/share/texlive/texmf-dist/tex/generic/hyph-utf8/loadhyph/loadhyph-it.tex
UTF-8 Italian hyphenation patterns
(/usr/share/texlive/texmf-dist/tex/generic/hyph-utf8/patterns/tex/hyph-it.tex)
(/usr/share/texlive/texmf-dist/tex/generic/hyph-utf8/patterns/quote/hyph-quote-
it.tex)))) (/usr/share/texlive/texmf-dist/tex/latex/etoolbox/etoolbox.sty
Package: etoolbox 2020/10/05 v2.5k e-TeX tools for LaTeX (JAW)
\etb@tempcnta=\count274
)
(/usr/share/texlive/texmf-dist/tex/latex/geometry/geometry.sty
Package: geometry 2020/01/02 v5.9 Page Geometry

(/usr/share/texlive/texmf-dist/tex/generic/iftex/ifvtex.sty
Package: ifvtex 2019/10/25 v1.7 ifvtex legacy package. Use iftex instead.
)
\Gm@cnth=\count275
\Gm@cntv=\count276
\c@Gm@tempcnt=\count277
\Gm@bindingoffset=\dimen150
\Gm@wd@mp=\dimen151
\Gm@odd@mp=\dimen152
\Gm@even@mp=\dimen153
\Gm@layoutwidth=\dimen154
\Gm@layoutheight=\dimen155
\Gm@layouthoffset=\dimen156
\Gm@layoutvoffset=\dimen157
\Gm@dimlist=\toks25
)
(/usr/share/texlive/texmf-dist/tex/latex/lipsum/lipsum.sty
(/usr/share/texlive/texmf-dist/tex/latex/l3packages/l3keys2e/l3keys2e.sty
(/usr/share/texlive/texmf-dist/tex/latex/l3kernel/expl3.sty
Package: expl3 2022-01-21 L3 programming layer (loader) 

(/usr/share/texlive/texmf-dist/tex/latex/l3backend/l3backend-luatex.def
File: l3backend-luatex.def 2022-01-12 L3 backend support: PDF output (LuaTeX)
\l__color_backend_stack_int=\count278
\l__pdf_internal_box=\box52
))
Package: l3keys2e 2022-01-12 LaTeX2e option processing using LaTeX3 keys
)
Package: lipsum 2021-09-20 v2.7 150 paragraphs of Lorem Ipsum dummy text
\g__lipsum_par_int=\count279
\l__lipsum_a_int=\count280
\l__lipsum_b_int=\count281

(/usr/share/texlive/texmf-dist/tex/latex/lipsum/lipsum.ltd.tex))
(/usr/share/texlive/texmf-dist/tex/latex/xcolor/xcolor.sty
Package: xcolor 2021/10/31 v2.13 LaTeX color extensions (UK)

(/usr/share/texlive/texmf-dist/tex/latex/graphics-cfg/color.cfg
File: color.cfg 2016/01/02 v1.6 sample color configuration
)
Package xcolor Info: Driver file: luatex.def on input line 227.

(/usr/share/texlive/texmf-dist/tex/latex/colortbl/colortbl.sty
Package: colortbl 2020/01/04 v1.0e Color table columns (DPC)

(/usr/share/texlive/texmf-dist/tex/latex/tools/array.sty
Package: array 2021/10/04 v2.5f Tabular extension package (FMi)
\col@sep=\dimen158
\ar@mcellbox=\box53
\extrarowheight=\dimen159
\NC@list=\toks26
\extratabsurround=\skip52
\backup@length=\skip53
\ar@cellbox=\box54
)
\everycr=\toks27
\minrowclearance=\skip54
)
\rownum=\count282
Package xcolor Info: Model `cmy' substituted by `cmy0' on input line 1352.
Package xcolor Info: Model `hsb' substituted by `rgb' on input line 1356.
Package xcolor Info: Model `RGB' extended on input line 1368.
Package xcolor Info: Model `HTML' substituted by `rgb' on input line 1370.
Package xcolor Info: Model `Hsb' substituted by `hsb' on input line 1371.
Package xcolor Info: Model `tHsb' substituted by `hsb' on input line 1372.
Package xcolor Info: Model `HSB' substituted by `hsb' on input line 1373.
Package xcolor Info: Model `Gray' substituted by `gray' on input line 1374.
Package xcolor Info: Model `wave' substituted by `hsb' on input line 1375.
)
(/usr/share/texlive/texmf-dist/tex/latex/caption/caption.sty
Package: caption 2020/10/26 v3.5g Customizing captions (AR)

(/usr/share/texlive/texmf-dist/tex/latex/caption/caption3.sty
Package: caption3 2020/10/21 v2.2e caption3 kernel (AR)
\captionmargin=\dimen160
\captionmargin@=\dimen161
\captionwidth=\dimen162
\caption@tempdima=\dimen163
\caption@indent=\dimen164
\caption@parindent=\dimen165
\caption@hangindent=\dimen166
Package caption Info: Standard document class detected.
)
\c@caption@flags=\count283
\c@continuedfloat=\count284
)
(/usr/share/texlive/texmf-dist/tex/latex/booktabs/booktabs.sty
Package: booktabs 2020/01/12 v1.61803398 Publication quality tables
\heavyrulewidth=\dimen167
\lightrulewidth=\dimen168
\cmidrulewidth=\dimen169
\belowrulesep=\dimen170
\belowbottomsep=\dimen171
\aboverulesep=\dimen172
\abovetopsep=\dimen173
\cmidrulesep=\dimen174
\cmidrulekern=\dimen175
\defaultaddspace=\dimen176
\@cmidla=\count285
\@cmidlb=\count286
\@aboverulesep=\dimen177
\@belowrulesep=\dimen178
\@thisruleclass=\count287
\@lastruleclass=\count288
\@thisrulewidth=\dimen179
)
(/usr/share/texlive/texmf-dist/tex/latex/pdfpages/pdfpages.sty
Package: pdfpages 2022/01/29 v0.5u Insert pages of external PDF documents (AM)

(/usr/share/texlive/texmf-dist/tex/latex/base/ifthen.sty
Package: ifthen 2020/11/24 v1.1c Standard LaTeX ifthen package (DPC)
)
(/usr/share/texlive/texmf-dist/tex/latex/tools/calc.sty
Package: calc 2017/05/25 v4.3 Infix arithmetic (KKT,FJ)
\calc@Acount=\count289
\calc@Bcount=\count290
\calc@Adimen=\dimen180
\calc@Bdimen=\dimen181
\calc@Askip=\skip55
\calc@Bskip=\skip56
LaTeX Info: Redefining \setlength on input line 80.
LaTeX Info: Redefining \addtolength on input line 81.
\calc@Ccount=\count291
\calc@Cskip=\skip57
)
(/usr/share/texlive/texmf-dist/tex/latex/eso-pic/eso-pic.sty
Package: eso-pic 2020/10/14 v3.0a eso-pic (RN)
\ESO@tempdima=\dimen182
\ESO@tempdimb=\dimen183
)
\AM@pagewidth=\dimen184
\AM@pageheight=\dimen185
\AM@fboxrule=\dimen186

(/usr/share/texlive/texmf-dist/tex/latex/pdfpages/ppluatex.def
File: ppluatex.def 2022/01/29 v0.5u Pdfpages driver for LuaTeX (AM)
)
\pdfpages@includegraphics@status=\count292
\AM@pagebox=\box55
\AM@global@opts=\toks28
\AM@pagecnt=\count293
\AM@toc@title=\toks29
\c@AM@survey=\count294
\AM@templatesizebox=\box56
)
(/usr/share/texlive/texmf-dist/tex/latex/siunitx/siunitx.sty
Package: siunitx 2022-02-02 v3.0.46 A comprehensive (SI) units package
\l__siunitx_angle_tmp_dim=\dimen187
\l__siunitx_angle_marker_box=\box57
\l__siunitx_angle_unit_box=\box58
\l__siunitx_compound_count_int=\count295

(/usr/share/texlive/texmf-dist/tex/latex/translations/translations.sty
Package: translations 2022/01/04 v1.11 internationalization of LaTeX2e packages
 (CN)
)
\l__siunitx_number_exponent_fixed_int=\count296
\l__siunitx_number_min_decimal_int=\count297
\l__siunitx_number_min_integer_int=\count298
\l__siunitx_number_round_precision_int=\count299
\l__siunitx_number_group_minimum_int=\count300
\l__siunitx_table_tmp_box=\box59
\l__siunitx_table_tmp_dim=\dimen188
\l__siunitx_table_column_width_dim=\dimen189
\l__siunitx_table_integer_box=\box60
\l__siunitx_table_decimal_box=\box61
\l__siunitx_table_before_box=\box62
\l__siunitx_table_after_box=\box63
\l__siunitx_table_before_dim=\dimen190
\l__siunitx_table_carry_dim=\dimen191
\l__siunitx_unit_tmp_int=\count301
\l__siunitx_unit_position_int=\count302
\l__siunitx_unit_total_int=\count303
)
(/usr/share/texlive/texmf-dist/tex/latex/xltabular/xltabular.sty
Package: xltabular 2020/11/04 v0.2e `xltabular' package (hv,RN)

(/usr/share/texlive/texmf-dist/tex/latex/tools/tabularx.sty
Package: tabularx 2020/01/15 v2.11c `tabularx' package (DPC)
\TX@col@width=\dimen192
\TX@old@table=\dimen193
\TX@old@col=\dimen194
\TX@target=\dimen195
\TX@delta=\dimen196
\TX@cols=\count304
\TX@ftn=\toks30
)
(/usr/share/texlive/texmf-dist/tex/latex/ltablex/ltablex.sty
Package: ltablex 2014/08/13 v1.1 Modified tabularx

(/usr/share/texlive/texmf-dist/tex/latex/tools/longtable.sty
Package: longtable 2021-09-01 v4.17 Multi-page Table package (DPC)
\LTleft=\skip58
\LTright=\skip59
\LTpre=\skip60
\LTpost=\skip61
\LTchunksize=\count305
\LTcapwidth=\dimen197
\LT@head=\box64
\LT@firsthead=\box65
\LT@foot=\box66
\LT@lastfoot=\box67
\LT@gbox=\box68
\LT@cols=\count306
\LT@rows=\count307
\c@LT@tables=\count308
\c@LT@chunks=\count309
\LT@p@ftn=\toks31
)))
(/usr/share/texlive/texmf-dist/tex/latex/graphics/rotating.sty
Package: rotating 2016/08/11 v2.16d rotated objects in LaTeX
\c@r@tfl@t=\count310
\rotFPtop=\skip62
\rotFPbot=\skip63
\rot@float@box=\box69
\rot@mess@toks=\toks32
)
(/usr/share/texlive/texmf-dist/tex/latex/pgf/frontendlayer/tikz.sty
(/usr/share/texlive/texmf-dist/tex/latex/pgf/basiclayer/pgf.sty
(/usr/share/texlive/texmf-dist/tex/latex/pgf/utilities/pgfrcs.sty
(/usr/share/texlive/texmf-dist/tex/generic/pgf/utilities/pgfutil-common.tex
\pgfutil@everybye=\toks33
\pgfutil@tempdima=\dimen198
\pgfutil@tempdimb=\dimen199

(/usr/share/texlive/texmf-dist/tex/generic/pgf/utilities/pgfutil-common-lists.t
ex)) (/usr/share/texlive/texmf-dist/tex/generic/pgf/utilities/pgfutil-latex.def
\pgfutil@abb=\box70
) (/usr/share/texlive/texmf-dist/tex/generic/pgf/utilities/pgfrcs.code.tex
(/usr/share/texlive/texmf-dist/tex/generic/pgf/pgf.revision.tex)
Package: pgfrcs 2021/05/15 v3.1.9a (3.1.9a)
))
Package: pgf 2021/05/15 v3.1.9a (3.1.9a)

(/usr/share/texlive/texmf-dist/tex/latex/pgf/basiclayer/pgfcore.sty
(/usr/share/texlive/texmf-dist/tex/latex/pgf/systemlayer/pgfsys.sty
(/usr/share/texlive/texmf-dist/tex/generic/pgf/systemlayer/pgfsys.code.tex
Package: pgfsys 2021/05/15 v3.1.9a (3.1.9a)

(/usr/share/texlive/texmf-dist/tex/generic/pgf/utilities/pgfkeys.code.tex
\pgfkeys@pathtoks=\toks34
\pgfkeys@temptoks=\toks35

(/usr/share/texlive/texmf-dist/tex/generic/pgf/utilities/pgfkeysfiltered.code.t
ex
\pgfkeys@tmptoks=\toks36
))
\pgf@x=\dimen256
\pgf@y=\dimen257
\pgf@xa=\dimen258
\pgf@ya=\dimen259
\pgf@xb=\dimen260
\pgf@yb=\dimen261
\pgf@xc=\dimen262
\pgf@yc=\dimen263
\pgf@xd=\dimen264
\pgf@yd=\dimen265
\w@pgf@writea=\write3
\r@pgf@reada=\read3
\c@pgf@counta=\count311
\c@pgf@countb=\count312
\c@pgf@countc=\count313
\c@pgf@countd=\count314
\t@pgf@toka=\toks37
\t@pgf@tokb=\toks38
\t@pgf@tokc=\toks39
\pgf@sys@id@count=\count315
 (/usr/share/texlive/texmf-dist/tex/generic/pgf/systemlayer/pgf.cfg
File: pgf.cfg 2021/05/15 v3.1.9a (3.1.9a)
)
Driver file for pgf: pgfsys-luatex.def

(/usr/share/texlive/texmf-dist/tex/generic/pgf/systemlayer/pgfsys-luatex.def
File: pgfsys-luatex.def 2021/05/15 v3.1.9a (3.1.9a)

(/usr/share/texlive/texmf-dist/tex/generic/pgf/systemlayer/pgfsys-common-pdf.de
f
File: pgfsys-common-pdf.def 2021/05/15 v3.1.9a (3.1.9a)
)))
(/usr/share/texlive/texmf-dist/tex/generic/pgf/systemlayer/pgfsyssoftpath.code.
tex
File: pgfsyssoftpath.code.tex 2021/05/15 v3.1.9a (3.1.9a)
\pgfsyssoftpath@smallbuffer@items=\count316
\pgfsyssoftpath@bigbuffer@items=\count317
)
(/usr/share/texlive/texmf-dist/tex/generic/pgf/systemlayer/pgfsysprotocol.code.
tex
File: pgfsysprotocol.code.tex 2021/05/15 v3.1.9a (3.1.9a)
))
(/usr/share/texlive/texmf-dist/tex/generic/pgf/basiclayer/pgfcore.code.tex
Package: pgfcore 2021/05/15 v3.1.9a (3.1.9a)

(/usr/share/texlive/texmf-dist/tex/generic/pgf/math/pgfmath.code.tex
(/usr/share/texlive/texmf-dist/tex/generic/pgf/math/pgfmathcalc.code.tex
(/usr/share/texlive/texmf-dist/tex/generic/pgf/math/pgfmathutil.code.tex)
(/usr/share/texlive/texmf-dist/tex/generic/pgf/math/pgfmathparser.code.tex
\pgfmath@dimen=\dimen266
\pgfmath@count=\count318
\pgfmath@box=\box71
\pgfmath@toks=\toks40
\pgfmath@stack@operand=\toks41
\pgfmath@stack@operation=\toks42
)
(/usr/share/texlive/texmf-dist/tex/generic/pgf/math/pgfmathfunctions.code.tex
(/usr/share/texlive/texmf-dist/tex/generic/pgf/math/pgfmathfunctions.basic.code
.tex)
(/usr/share/texlive/texmf-dist/tex/generic/pgf/math/pgfmathfunctions.trigonomet
ric.code.tex)
(/usr/share/texlive/texmf-dist/tex/generic/pgf/math/pgfmathfunctions.random.cod
e.tex)
(/usr/share/texlive/texmf-dist/tex/generic/pgf/math/pgfmathfunctions.comparison
.code.tex)
(/usr/share/texlive/texmf-dist/tex/generic/pgf/math/pgfmathfunctions.base.code.
tex)
(/usr/share/texlive/texmf-dist/tex/generic/pgf/math/pgfmathfunctions.round.code
.tex)
(/usr/share/texlive/texmf-dist/tex/generic/pgf/math/pgfmathfunctions.misc.code.
tex)
(/usr/share/texlive/texmf-dist/tex/generic/pgf/math/pgfmathfunctions.integerari
thmetics.code.tex)))
(/usr/share/texlive/texmf-dist/tex/generic/pgf/math/pgfmathfloat.code.tex
\c@pgfmathroundto@lastzeros=\count319
))
(/usr/share/texlive/texmf-dist/tex/generic/pgf/math/pgfint.code.tex)
(/usr/share/texlive/texmf-dist/tex/generic/pgf/basiclayer/pgfcorepoints.code.te
x
File: pgfcorepoints.code.tex 2021/05/15 v3.1.9a (3.1.9a)
\pgf@picminx=\dimen267
\pgf@picmaxx=\dimen268
\pgf@picminy=\dimen269
\pgf@picmaxy=\dimen270
\pgf@pathminx=\dimen271
\pgf@pathmaxx=\dimen272
\pgf@pathminy=\dimen273
\pgf@pathmaxy=\dimen274
\pgf@xx=\dimen275
\pgf@xy=\dimen276
\pgf@yx=\dimen277
\pgf@yy=\dimen278
\pgf@zx=\dimen279
\pgf@zy=\dimen280
)
(/usr/share/texlive/texmf-dist/tex/generic/pgf/basiclayer/pgfcorepathconstruct.
code.tex
File: pgfcorepathconstruct.code.tex 2021/05/15 v3.1.9a (3.1.9a)
\pgf@path@lastx=\dimen281
\pgf@path@lasty=\dimen282
)
(/usr/share/texlive/texmf-dist/tex/generic/pgf/basiclayer/pgfcorepathusage.code
.tex
File: pgfcorepathusage.code.tex 2021/05/15 v3.1.9a (3.1.9a)
\pgf@shorten@end@additional=\dimen283
\pgf@shorten@start@additional=\dimen284
)
(/usr/share/texlive/texmf-dist/tex/generic/pgf/basiclayer/pgfcorescopes.code.te
x
File: pgfcorescopes.code.tex 2021/05/15 v3.1.9a (3.1.9a)
\pgfpic=\box72
\pgf@hbox=\box73
\pgf@layerbox@main=\box74
\pgf@picture@serial@count=\count320
)
(/usr/share/texlive/texmf-dist/tex/generic/pgf/basiclayer/pgfcoregraphicstate.c
ode.tex
File: pgfcoregraphicstate.code.tex 2021/05/15 v3.1.9a (3.1.9a)
\pgflinewidth=\dimen285
)
(/usr/share/texlive/texmf-dist/tex/generic/pgf/basiclayer/pgfcoretransformation
s.code.tex
File: pgfcoretransformations.code.tex 2021/05/15 v3.1.9a (3.1.9a)
\pgf@pt@x=\dimen286
\pgf@pt@y=\dimen287
\pgf@pt@temp=\dimen288
)
(/usr/share/texlive/texmf-dist/tex/generic/pgf/basiclayer/pgfcorequick.code.tex
File: pgfcorequick.code.tex 2021/05/15 v3.1.9a (3.1.9a)
)
(/usr/share/texlive/texmf-dist/tex/generic/pgf/basiclayer/pgfcoreobjects.code.t
ex
File: pgfcoreobjects.code.tex 2021/05/15 v3.1.9a (3.1.9a)
)
(/usr/share/texlive/texmf-dist/tex/generic/pgf/basiclayer/pgfcorepathprocessing
.code.tex
File: pgfcorepathprocessing.code.tex 2021/05/15 v3.1.9a (3.1.9a)
)
(/usr/share/texlive/texmf-dist/tex/generic/pgf/basiclayer/pgfcorearrows.code.te
x
File: pgfcorearrows.code.tex 2021/05/15 v3.1.9a (3.1.9a)
\pgfarrowsep=\dimen289
)
(/usr/share/texlive/texmf-dist/tex/generic/pgf/basiclayer/pgfcoreshade.code.tex
File: pgfcoreshade.code.tex 2021/05/15 v3.1.9a (3.1.9a)
\pgf@max=\dimen290
\pgf@sys@shading@range@num=\count321
\pgf@shadingcount=\count322
)
(/usr/share/texlive/texmf-dist/tex/generic/pgf/basiclayer/pgfcoreimage.code.tex
File: pgfcoreimage.code.tex 2021/05/15 v3.1.9a (3.1.9a)

(/usr/share/texlive/texmf-dist/tex/generic/pgf/basiclayer/pgfcoreexternal.code.
tex
File: pgfcoreexternal.code.tex 2021/05/15 v3.1.9a (3.1.9a)
\pgfexternal@startupbox=\box75
))
(/usr/share/texlive/texmf-dist/tex/generic/pgf/basiclayer/pgfcorelayers.code.te
x
File: pgfcorelayers.code.tex 2021/05/15 v3.1.9a (3.1.9a)
)
(/usr/share/texlive/texmf-dist/tex/generic/pgf/basiclayer/pgfcoretransparency.c
ode.tex
File: pgfcoretransparency.code.tex 2021/05/15 v3.1.9a (3.1.9a)
)
(/usr/share/texlive/texmf-dist/tex/generic/pgf/basiclayer/pgfcorepatterns.code.
tex
File: pgfcorepatterns.code.tex 2021/05/15 v3.1.9a (3.1.9a)
)
(/usr/share/texlive/texmf-dist/tex/generic/pgf/basiclayer/pgfcorerdf.code.tex
File: pgfcorerdf.code.tex 2021/05/15 v3.1.9a (3.1.9a)
)))
(/usr/share/texlive/texmf-dist/tex/generic/pgf/modules/pgfmoduleshapes.code.tex
File: pgfmoduleshapes.code.tex 2021/05/15 v3.1.9a (3.1.9a)
\pgfnodeparttextbox=\box76
) (/usr/share/texlive/texmf-dist/tex/generic/pgf/modules/pgfmoduleplot.code.tex
File: pgfmoduleplot.code.tex 2021/05/15 v3.1.9a (3.1.9a)
)
(/usr/share/texlive/texmf-dist/tex/latex/pgf/compatibility/pgfcomp-version-0-65
.sty
Package: pgfcomp-version-0-65 2021/05/15 v3.1.9a (3.1.9a)
\pgf@nodesepstart=\dimen291
\pgf@nodesepend=\dimen292
)
(/usr/share/texlive/texmf-dist/tex/latex/pgf/compatibility/pgfcomp-version-1-18
.sty
Package: pgfcomp-version-1-18 2021/05/15 v3.1.9a (3.1.9a)
)) (/usr/share/texlive/texmf-dist/tex/latex/pgf/utilities/pgffor.sty
(/usr/share/texlive/texmf-dist/tex/latex/pgf/utilities/pgfkeys.sty
(/usr/share/texlive/texmf-dist/tex/generic/pgf/utilities/pgfkeys.code.tex))
(/usr/share/texlive/texmf-dist/tex/latex/pgf/math/pgfmath.sty
(/usr/share/texlive/texmf-dist/tex/generic/pgf/math/pgfmath.code.tex))
(/usr/share/texlive/texmf-dist/tex/generic/pgf/utilities/pgffor.code.tex
Package: pgffor 2021/05/15 v3.1.9a (3.1.9a)

(/usr/share/texlive/texmf-dist/tex/generic/pgf/math/pgfmath.code.tex)
\pgffor@iter=\dimen293
\pgffor@skip=\dimen294
\pgffor@stack=\toks43
\pgffor@toks=\toks44
))
(/usr/share/texlive/texmf-dist/tex/generic/pgf/frontendlayer/tikz/tikz.code.tex
Package: tikz 2021/05/15 v3.1.9a (3.1.9a)

(/usr/share/texlive/texmf-dist/tex/generic/pgf/libraries/pgflibraryplothandlers
.code.tex
File: pgflibraryplothandlers.code.tex 2021/05/15 v3.1.9a (3.1.9a)
\pgf@plot@mark@count=\count323
\pgfplotmarksize=\dimen295
)
\tikz@lastx=\dimen296
\tikz@lasty=\dimen297
\tikz@lastxsaved=\dimen298
\tikz@lastysaved=\dimen299
\tikz@lastmovetox=\dimen300
\tikz@lastmovetoy=\dimen301
\tikzleveldistance=\dimen302
\tikzsiblingdistance=\dimen303
\tikz@figbox=\box77
\tikz@figbox@bg=\box78
\tikz@tempbox=\box79
\tikz@tempbox@bg=\box80
\tikztreelevel=\count324
\tikznumberofchildren=\count325
\tikznumberofcurrentchild=\count326
\tikz@fig@count=\count327

(/usr/share/texlive/texmf-dist/tex/generic/pgf/modules/pgfmodulematrix.code.tex
File: pgfmodulematrix.code.tex 2021/05/15 v3.1.9a (3.1.9a)
\pgfmatrixcurrentrow=\count328
\pgfmatrixcurrentcolumn=\count329
\pgf@matrix@numberofcolumns=\count330
)
\tikz@expandcount=\count331

(/usr/share/texlive/texmf-dist/tex/generic/pgf/frontendlayer/tikz/libraries/tik
zlibrarytopaths.code.tex
File: tikzlibrarytopaths.code.tex 2021/05/15 v3.1.9a (3.1.9a)
)))
(/usr/share/texlive/texmf-dist/tex/latex/float/float.sty
Package: float 2001/11/08 v1.3d Float enhancements (AL)
\c@float@type=\count332
\float@exts=\toks45
\float@box=\box81
\@float@everytoks=\toks46
\@floatcapt=\box82
)
(/usr/share/texlive/texmf-dist/tex/latex/listings/listings.sty
\lst@mode=\count333
\lst@gtempboxa=\box83
\lst@token=\toks47
\lst@length=\count334
\lst@currlwidth=\dimen304
\lst@column=\count335
\lst@pos=\count336
\lst@lostspace=\dimen305
\lst@width=\dimen306
\lst@newlines=\count337
\lst@lineno=\count338
\lst@maxwidth=\dimen307

(/usr/share/texlive/texmf-dist/tex/latex/listings/lstmisc.sty
File: lstmisc.sty 2020/03/24 1.8d (Carsten Heinz)
\c@lstnumber=\count339
\lst@skipnumbers=\count340
\lst@framebox=\box84
)
(/usr/share/texlive/texmf-dist/tex/latex/listings/listings.cfg
File: listings.cfg 2020/03/24 1.8d listings configuration
))
Package: listings 2020/03/24 1.8d (Carsten Heinz)

(/usr/share/texlive/texmf-dist/tex/latex/svg/svg.sty
Package: svg 2020/11/26 v2.02k (include SVG pictures)

(/usr/share/texlive/texmf-dist/tex/latex/koma-script/scrbase.sty
Package: scrbase 2021/11/13 v3.35 KOMA-Script package (KOMA-Script-independent 
basics and keyval usage)

(/usr/share/texlive/texmf-dist/tex/latex/koma-script/scrlfile.sty
Package: scrlfile 2021/11/13 v3.35 KOMA-Script package (file load hooks)

(/usr/share/texlive/texmf-dist/tex/latex/koma-script/scrlfile-hook.sty
Package: scrlfile-hook 2021/11/13 v3.35 KOMA-Script package (using LaTeX hooks)


(/usr/share/texlive/texmf-dist/tex/latex/koma-script/scrlogo.sty
Package: scrlogo 2021/11/13 v3.35 KOMA-Script package (logo)
)))
Applying: [2021/05/01] Usage of raw or classic option list on input line 252.
Already applied: [0000/00/00] Usage of raw or classic option list on input line
 368.
)
(/usr/share/texlive/texmf-dist/tex/latex/trimspaces/trimspaces.sty
Package: trimspaces 2009/09/17 v1.1 Trim spaces around a token list
)
(/usr/share/texlive/texmf-dist/tex/latex/tools/shellesc.sty
Package: shellesc 2019/11/08 v1.0c unified shell escape interface for LaTeX
Package shellesc Info: Restricted shell escape enabled on input line 77.
)
\c@svg@param@lastpage=\count341
\svg@box=\box85
\c@svg@param@currpage=\count342
)
(/usr/share/texlive/texmf-dist/tex/latex/transparent/transparent.sty
Package: transparent 2019/11/29 v1.4 Transparency via pdfTeX's color stack (HO)


(/usr/share/texlive/texmf-dist/tex/latex/auxhook/auxhook.sty
Package: auxhook 2019-12-17 v1.6 Hooks for auxiliary files (HO)
))
(/usr/share/texlive/texmf-dist/tex/latex/hyperref/hyperref.sty
Package: hyperref 2021-06-07 v7.00m Hypertext links for LaTeX

(/usr/share/texlive/texmf-dist/tex/generic/pdfescape/pdfescape.sty
Package: pdfescape 2019/12/09 v1.15 Implements pdfTeX's escape features (HO)
)
(/usr/share/texlive/texmf-dist/tex/latex/hycolor/hycolor.sty
Package: hycolor 2020-01-27 v1.10 Color options for hyperref/bookmark (HO)
)
(/usr/share/texlive/texmf-dist/tex/latex/letltxmacro/letltxmacro.sty
Package: letltxmacro 2019/12/03 v1.6 Let assignment for LaTeX macros (HO)
)
\@linkdim=\dimen308
\Hy@linkcounter=\count343
\Hy@pagecounter=\count344

(/usr/share/texlive/texmf-dist/tex/latex/hyperref/pd1enc.def
File: pd1enc.def 2021-06-07 v7.00m Hyperref: PDFDocEncoding definition (HO)
)
(/usr/share/texlive/texmf-dist/tex/latex/hyperref/hyperref-langpatches.def
File: hyperref-langpatches.def 2021-06-07 v7.00m Hyperref: patches for babel la
nguages
)
(/usr/share/texlive/texmf-dist/tex/generic/intcalc/intcalc.sty
Package: intcalc 2019/12/15 v1.3 Expandable calculations with integers (HO)
)
(/usr/share/texlive/texmf-dist/tex/generic/etexcmds/etexcmds.sty
Package: etexcmds 2019/12/15 v1.7 Avoid name clashes with e-TeX commands (HO)
)
\Hy@SavedSpaceFactor=\count345

(/usr/share/texlive/texmf-dist/tex/latex/hyperref/puenc.def
File: puenc.def 2021-06-07 v7.00m Hyperref: PDF Unicode definition (HO)
)
Package hyperref Info: Hyper figures OFF on input line 4192.
Package hyperref Info: Link nesting OFF on input line 4197.
Package hyperref Info: Hyper index ON on input line 4200.
Package hyperref Info: Plain pages OFF on input line 4207.
Package hyperref Info: Backreferencing OFF on input line 4212.
Package hyperref Info: Implicit mode ON; LaTeX internals redefined.
Package hyperref Info: Bookmarks ON on input line 4445.
\c@Hy@tempcnt=\count346

(/usr/share/texlive/texmf-dist/tex/latex/url/url.sty
\Urlmuskip=\muskip17
Package: url 2013/09/16  ver 3.4  Verb mode for urls, etc.
)
LaTeX Info: Redefining \url on input line 4804.
\XeTeXLinkMargin=\dimen309

(/usr/share/texlive/texmf-dist/tex/generic/bitset/bitset.sty
Package: bitset 2019/12/09 v1.3 Handle bit-vector datatype (HO)

(/usr/share/texlive/texmf-dist/tex/generic/bigintcalc/bigintcalc.sty
Package: bigintcalc 2019/12/15 v1.5 Expandable calculations on big integers (HO
)
))
\Fld@menulength=\count347
\Field@Width=\dimen310
\Fld@charsize=\dimen311
Package hyperref Info: Hyper figures OFF on input line 6076.
Package hyperref Info: Link nesting OFF on input line 6081.
Package hyperref Info: Hyper index ON on input line 6084.
Package hyperref Info: backreferencing OFF on input line 6091.
Package hyperref Info: Link coloring OFF on input line 6096.
Package hyperref Info: Link coloring with OCG OFF on input line 6101.
Package hyperref Info: PDF/A mode OFF on input line 6106.
LaTeX Info: Redefining \ref on input line 6146.
LaTeX Info: Redefining \pageref on input line 6150.

(/usr/share/texlive/texmf-dist/tex/latex/base/atbegshi-ltx.sty
Package: atbegshi-ltx 2021/01/10 v1.0c Emulation of the original atbegshi
package with kernel methods
)
\Hy@abspage=\count348
\c@Item=\count349
\c@Hfootnote=\count350
)
Package hyperref Info: Driver (autodetected): hluatex.

(/usr/share/texlive/texmf-dist/tex/latex/hyperref/hluatex.def
File: hluatex.def 2021-06-07 v7.00m Hyperref driver for luaTeX

(/usr/share/texlive/texmf-dist/tex/generic/stringenc/stringenc.sty
Package: stringenc 2019/11/29 v1.12 Convert strings between diff. encodings (HO
)
)
(/usr/share/texlive/texmf-dist/tex/latex/base/atveryend-ltx.sty
Package: atveryend-ltx 2020/08/19 v1.0a Emulation of the original atveryend pac
kage
with kernel methods
)
\Fld@listcount=\count351
\c@bookmark@seq@number=\count352

(/usr/share/texlive/texmf-dist/tex/latex/rerunfilecheck/rerunfilecheck.sty
Package: rerunfilecheck 2019/12/05 v1.9 Rerun checks for auxiliary files (HO)

(/usr/share/texlive/texmf-dist/tex/generic/uniquecounter/uniquecounter.sty
Package: uniquecounter 2019/12/15 v1.4 Provide unlimited unique counter (HO)
)
Package uniquecounter Info: New unique counter `rerunfilecheck' on input line 2
86.
)
\Hy@SectionHShift=\skip64
)
(/usr/share/texlive/texmf-dist/tex/latex/apacite/apacite.sty
Package: apacite 2013/07/21 v6.03 APA citation
\c@BibCnt=\count353
\bibleftmargin=\skip65
\bibindent=\skip66
\bibparsep=\skip67
\bibitemsep=\skip68
\biblabelsep=\skip69
)
(/usr/share/texlive/texmf-dist/tex/latex/fancyhdr/fancyhdr.sty
Package: fancyhdr 2021/01/28 v4.0.1 Extensive control of page headers and foote
rs
\f@nch@headwidth=\skip70
\f@nch@O@elh=\skip71
\f@nch@O@erh=\skip72
\f@nch@O@olh=\skip73
\f@nch@O@orh=\skip74
\f@nch@O@elf=\skip75
\f@nch@O@erf=\skip76
\f@nch@O@olf=\skip77
\f@nch@O@orf=\skip78
)
(/usr/share/texlive/texmf-dist/tex/latex/appendix/appendix.sty
Package: appendix 2020/02/08 v1.2c extra appendix facilities
\c@@pps=\count354
\c@@ppsavesec=\count355
\c@@ppsaveapp=\count356
)
(/usr/share/texlive/texmf-dist/tex/latex/caption/subcaption.sty
Package: subcaption 2020/10/07 v1.3j Sub-captions (AR)
\c@subfigure=\count357
\c@subtable=\count358
)
(/usr/share/texlive/texmf-dist/tex/latex/enumitem/enumitem.sty
Package: enumitem 2019/06/20 v3.9 Customized lists
\labelindent=\skip79
\enit@outerparindent=\dimen312
\enit@toks=\toks48
\enit@inbox=\box86
\enit@count@id=\count359
\enitdp@description=\count360
)
(/usr/share/texlive/texmf-dist/tex/latex/tocbibind/tocbibind.sty
Package: tocbibind 2010/10/13 v1.5k extra ToC listings
Package tocbibind Info: The document has chapter divisions on input line 50.


Package tocbibind Note: Using chapter style headings, unless overridden.

)

Package siunitx Info: Option "separate-uncertainty" has been deprecated in
(siunitx)             this release.
(siunitx)             
(siunitx)             Use "uncertainty-mode = separate" as a replacement.

) (./main.aux

LaTeX Warning: Label `fig:enter-label' multiply defined.


LaTeX Warning: Label `fig:enter-label' multiply defined.


LaTeX Warning: Label `fig:enter-label' multiply defined.


LaTeX Warning: Label `fig:enter-label' multiply defined.


LaTeX Warning: Label `fig:enter-label' multiply defined.


LaTeX Warning: Label `fig:enter-label' multiply defined.


LaTeX Warning: Label `fig:enter-label' multiply defined.


LaTeX Warning: Label `fig:enter-label' multiply defined.


LaTeX Warning: Label `fig:' multiply defined.


LaTeX Warning: Label `sub@fig:' multiply defined.


LaTeX Warning: Label `fig:' multiply defined.


LaTeX Warning: Label `sub@fig:' multiply defined.


LaTeX Warning: Label `fig:' multiply defined.


LaTeX Warning: Label `sub@fig:' multiply defined.


LaTeX Warning: Label `fig:' multiply defined.


LaTeX Warning: Label `sub@fig:' multiply defined.


LaTeX Warning: Label `fig:' multiply defined.


LaTeX Warning: Label `sub@fig:' multiply defined.


LaTeX Warning: Label `fig:' multiply defined.


LaTeX Warning: Label `sub@fig:' multiply defined.


LaTeX Warning: Label `fig:' multiply defined.


LaTeX Warning: Label `sub@fig:' multiply defined.


LaTeX Warning: Label `fig:' multiply defined.


LaTeX Warning: Label `sub@fig:' multiply defined.


LaTeX Warning: Label `fig:' multiply defined.


LaTeX Warning: Label `sub@fig:' multiply defined.


LaTeX Warning: Label `fig:' multiply defined.


LaTeX Warning: Label `sub@fig:' multiply defined.


LaTeX Warning: Label `fig:' multiply defined.


LaTeX Warning: Label `sub@fig:' multiply defined.

)
\openout1 = main.aux

LaTeX Font Info:    Checking defaults for OML/cmm/m/it on input line 21.
LaTeX Font Info:    ... okay on input line 21.
LaTeX Font Info:    Checking defaults for OMS/cmsy/m/n on input line 21.
LaTeX Font Info:    ... okay on input line 21.
LaTeX Font Info:    Checking defaults for OT1/cmr/m/n on input line 21.
LaTeX Font Info:    ... okay on input line 21.
LaTeX Font Info:    Checking defaults for T1/cmr/m/n on input line 21.
LaTeX Font Info:    ... okay on input line 21.
LaTeX Font Info:    Checking defaults for TS1/cmr/m/n on input line 21.
LaTeX Font Info:    Trying to load font information for TS1+cmr on input line 2
1.
 (/usr/share/texlive/texmf-dist/tex/latex/base/ts1cmr.fd
File: ts1cmr.fd 2019/12/16 v2.5j Standard LaTeX font definitions
)
LaTeX Font Info:    ... okay on input line 21.
LaTeX Font Info:    Checking defaults for TU/lmr/m/n on input line 21.
LaTeX Font Info:    ... okay on input line 21.
LaTeX Font Info:    Checking defaults for OMX/cmex/m/n on input line 21.
LaTeX Font Info:    ... okay on input line 21.
LaTeX Font Info:    Checking defaults for U/cmr/m/n on input line 21.
LaTeX Font Info:    ... okay on input line 21.
LaTeX Font Info:    Checking defaults for PD1/pdf/m/n on input line 21.
LaTeX Font Info:    ... okay on input line 21.
LaTeX Font Info:    Checking defaults for PU/pdf/m/n on input line 21.
LaTeX Font Info:    ... okay on input line 21.

(/usr/share/texlive/texmf-dist/tex/context/base/mkii/supp-pdf.mkii
[Loading MPS to PDF converter (version 2006.09.02).]
\scratchcounter=\count361
\scratchdimen=\dimen313
\scratchbox=\box87
\nofMPsegments=\count362
\nofMParguments=\count363
\everyMPshowfont=\toks49
\MPscratchCnt=\count364
\MPscratchDim=\dimen314
\MPnumerator=\count365
\makeMPintoPDFobject=\count366
\everyMPtoPDFconversion=\toks50
)
LaTeX Info: Redefining \celsius on input line 21.
Package gensymb Info: Faking symbols for \degree and \celsius on input line 21.



Package gensymb Warning: Not defining \perthousand.

LaTeX Info: Redefining \ohm on input line 21.
Package gensymb Info: Using \Omega for \ohm on input line 21.

Package gensymb Warning: Not defining \micro.

LaTeX Info: Redefining \it@ocap on input line 21.
LaTeX Info: Redefining \it@ccap on input line 21.
*geometry* driver: auto-detecting
*geometry* detected driver: luatex
*geometry* verbose mode - [ preamble ] result:
* driver: luatex
* paper: a4paper
* layout: <same size as paper>
* layoutoffset:(h,v)=(0.0pt,0.0pt)
* modes: twoside 
* h-part:(L,W,R)=(71.70166pt, 418.25368pt, 107.55254pt)
* v-part:(T,H,B)=(101.40665pt, 591.5302pt, 152.11pt)
* \paperwidth=597.50787pt
* \paperheight=845.04684pt
* \textwidth=418.25368pt
* \textheight=591.5302pt
* \oddsidemargin=-0.56833pt
* \evensidemargin=35.28255pt
* \topmargin=-7.86334pt
* \headheight=12.0pt
* \headsep=25.0pt
* \topskip=11.0pt
* \footskip=30.0pt
* \marginparwidth=103.0pt
* \marginparsep=10.0pt
* \columnsep=10.0pt
* \skip\footins=10.0pt plus 4.0pt minus 2.0pt
* \hoffset=0.0pt
* \voffset=0.0pt
* \mag=1000
* \@twocolumnfalse
* \@twosidetrue
* \@mparswitchtrue
* \@reversemarginfalse
* (1in=72.27pt=25.4mm, 1cm=28.453pt)

Package caption Info: Begin \AtBeginDocument code.
Package caption Info: float package is loaded.
Package caption Info: hyperref package is loaded.
Package caption Info: listings package is loaded.
Package caption Info: longtable package is loaded.
(/usr/share/texlive/texmf-dist/tex/latex/caption/ltcaption.sty
Package: ltcaption 2020/05/30 v1.4b longtable captions (AR)
)
Package caption Info: rotating package is loaded.
Package caption Info: End \AtBeginDocument code.

(/usr/share/texlive/texmf-dist/tex/latex/pdflscape/pdflscape.sty
Package: pdflscape 2019/12/05 v0.12 Display of landscape pages in PDF (HO)

(/usr/share/texlive/texmf-dist/tex/latex/graphics/lscape.sty
Package: lscape 2020/05/28 v3.02 Landscape Pages (DPC)
)
Package pdflscape Info: Auto-detected driver: pdftex on input line 81.
)
Package translations Info: no dictionary file `translations-basic-dictionary-it
alian.trsl' found. on input line 21.
\c@lstlisting=\count367
Package hyperref Info: Link coloring OFF on input line 21.

(/usr/share/texlive/texmf-dist/tex/latex/hyperref/nameref.sty
Package: nameref 2021-04-02 v2.47 Cross-referencing by name of section

(/usr/share/texlive/texmf-dist/tex/latex/refcount/refcount.sty
Package: refcount 2019/12/15 v3.6 Data extraction from label references (HO)
)
(/usr/share/texlive/texmf-dist/tex/generic/gettitlestring/gettitlestring.sty
Package: gettitlestring 2019/12/15 v1.6 Cleanup title references (HO)
)
\c@section@level=\count368
)
LaTeX Info: Redefining \ref on input line 21.
LaTeX Info: Redefining \pageref on input line 21.
LaTeX Info: Redefining \nameref on input line 21.

(./main.out) (./main.out)
\@outlinefile=\write4

\openout4 = main.out
\c@maskedRefs=\count369


Package apacite Warning: No suitable language definition file (italian.apc) fou
nd.

LaTeX Font Info:    Trying to load font information for U+msa on input line 24.

(/usr/share/texlive/texmf-dist/tex/latex/amsfonts/umsa.fd
File: umsa.fd 2013/01/14 v3.01 AMS symbols A
)
LaTeX Font Info:    Trying to load font information for U+msb on input line 24.


(/usr/share/texlive/texmf-dist/tex/latex/amsfonts/umsb.fd
File: umsb.fd 2013/01/14 v3.01 AMS symbols B
)
Package epstopdf Info: Source file: <media/1_intro/elaborato.eps>
(epstopdf)                    date: 2025-09-12 11:35:29
(epstopdf)                    size: 127832 bytes
(epstopdf)             Output file: <media/1_intro/elaborato-eps-converted-to.p
df>
(epstopdf)                    date: 2025-09-12 11:36:06
(epstopdf)                    size: 44670 bytes
(epstopdf)             Command: <repstopdf --outfile=media/1_intro/elaborato-ep
s-converted-to.pdf media/1_intro/elaborato.eps>
(epstopdf)             \includegraphics on input line 24.
Package epstopdf Info: Output file is already uptodate.
<media/1_intro/elaborato-eps-converted-to.pdf, id=67, 597.23125pt x 725.71124pt
>
File: media/1_intro/elaborato-eps-converted-to.pdf Graphic file (type pdf)
<use media/1_intro/elaborato-eps-converted-to.pdf>
Package luatex.def Info: media/1_intro/elaborato-eps-converted-to.pdf  used on 
input line 24.
(luatex.def)             Requested size: 167.2989pt x 150.91852pt.
 [1

{/var/lib/texmf/fonts/map/pdftex/updmap/pdftex.map}<./media/1_intro/elaborato-ep
s-converted-to.pdf>] [2

] (./main.toc)
\tf@toc=\write5

\openout5 = main.toc
 [3

] [4

] (./main.lof [5])
\tf@lof=\write6

\openout6 = main.lof
 [6] (./main.lot)
\tf@lot=\write7

\openout7 = main.lot

(./chapters/intro.tex [7

] [8

]
Capitolo 1.
Package epstopdf Info: Source file: <media/1_intro/elaborato.eps>
(epstopdf)                    date: 2025-09-12 11:35:29
(epstopdf)                    size: 127832 bytes
(epstopdf)             Output file: <media/1_intro/elaborato-eps-converted-to.p
df>
(epstopdf)                    date: 2025-09-12 11:36:06
(epstopdf)                    size: 44670 bytes
(epstopdf)             Command: <repstopdf --outfile=media/1_intro/elaborato-ep
s-converted-to.pdf media/1_intro/elaborato.eps>
(epstopdf)             \includegraphics on input line 13.
Package epstopdf Info: Output file is already uptodate.
File: media/1_intro/elaborato-eps-converted-to.pdf Graphic file (type pdf)
<use media/1_intro/elaborato-eps-converted-to.pdf>
Package luatex.def Info: media/1_intro/elaborato-eps-converted-to.pdf  used on 
input line 13.
(luatex.def)             Requested size: 292.77629pt x 264.13069pt.
[9] (/usr/share/texlive/texmf-dist/tex/latex/listings/lstlang1.sty
File: lstlang1.sty 2020/03/24 1.8d listings language file
)
LaTeX Font Info:    Trying to load font information for T1+lmtt on input line 6
0.

(/usr/share/texmf/tex/latex/lm/t1lmtt.fd
File: t1lmtt.fd 2009/10/30 v1.6 Font defs for Latin Modern
) (./media/1_intro/SCARAjac.m [10])
Overfull \hbox (18.57559pt too wide) detected at line 70
\OML/cmm/m/it/10.95 J[] \OT1/cmr/m/n/10.95 = [] [] = []
 []

(./media/1_intro/SCARAjacP.m) [11] (./media/1_intro/cicloidale.m)
(./media/1_intro/geometria_SCARA.m) [12]
Package epstopdf Info: Source file: <media/1_intro/working_area_xy.eps>
(epstopdf)                    date: 2025-06-23 23:37:37
(epstopdf)                    size: 69503 bytes
(epstopdf)             Output file: <media/1_intro/working_area_xy-eps-converte
d-to.pdf>
(epstopdf)                    date: 2025-06-24 17:20:12
(epstopdf)                    size: 13755 bytes
(epstopdf)             Command: <repstopdf --outfile=media/1_intro/working_area
_xy-eps-converted-to.pdf media/1_intro/working_area_xy.eps>
(epstopdf)             \includegraphics on input line 92.
Package epstopdf Info: Output file is already uptodate.
<media/1_intro/working_area_xy-eps-converted-to.pdf, id=367, 421.575pt x 316.18
124pt>
File: media/1_intro/working_area_xy-eps-converted-to.pdf Graphic file (type pdf
)
<use media/1_intro/working_area_xy-eps-converted-to.pdf>
Package luatex.def Info: media/1_intro/working_area_xy-eps-converted-to.pdf  us
ed on input line 92.
(luatex.def)             Requested size: 334.60422pt x 250.95763pt.
Package epstopdf Info: Source file: <media/1_intro/working_area_yz.eps>
(epstopdf)                    date: 2025-06-23 23:37:37
(epstopdf)                    size: 59225 bytes
(epstopdf)             Output file: <media/1_intro/working_area_yz-eps-converte
d-to.pdf>
(epstopdf)                    date: 2025-06-24 17:20:13
(epstopdf)                    size: 12099 bytes
(epstopdf)             Command: <repstopdf --outfile=media/1_intro/working_area
_yz-eps-converted-to.pdf media/1_intro/working_area_yz.eps>
(epstopdf)             \includegraphics on input line 99.
Package epstopdf Info: Output file is already uptodate.
<media/1_intro/working_area_yz-eps-converted-to.pdf, id=368, 421.575pt x 316.18
124pt>
File: media/1_intro/working_area_yz-eps-converted-to.pdf Graphic file (type pdf
)
<use media/1_intro/working_area_yz-eps-converted-to.pdf>
Package luatex.def Info: media/1_intro/working_area_yz-eps-converted-to.pdf  us
ed on input line 99.
(luatex.def)             Requested size: 334.60422pt x 250.95763pt.
) (./chapters/kin_din.tex [13] [14<./media/1_intro/working_area_xy-eps-converted
-to.pdf><./media/1_intro/working_area_yz-eps-converted-to.pdf>]
Capitolo 2.
(./media/1_intro/SCARAdir.m [15

])
(./media/2_kin_din/1_cin_dir/cinematica_SCARA_jac_dir.m)
(./media/2_kin_din/1_cin_dir/cinematica_SCARA_jac_dir.m
consecutive:
) [16]
Package epstopdf Info: Source file: <media/2_kin_din/1_cin_dir/posa.eps>
(epstopdf)                    date: 2025-06-23 23:37:37
(epstopdf)                    size: 30969 bytes
(epstopdf)             Output file: <media/2_kin_din/1_cin_dir/posa-eps-convert
ed-to.pdf>
(epstopdf)                    date: 2025-06-24 17:20:14
(epstopdf)                    size: 11130 bytes
(epstopdf)             Command: <repstopdf --outfile=media/2_kin_din/1_cin_dir/
posa-eps-converted-to.pdf media/2_kin_din/1_cin_dir/posa.eps>
(epstopdf)             \includegraphics on input line 43.
Package epstopdf Info: Output file is already uptodate.
<media/2_kin_din/1_cin_dir/posa-eps-converted-to.pdf, id=462, 429.605pt x 311.1
625pt>
File: media/2_kin_din/1_cin_dir/posa-eps-converted-to.pdf Graphic file (type pd
f)
<use media/2_kin_din/1_cin_dir/posa-eps-converted-to.pdf>
Package luatex.def Info: media/2_kin_din/1_cin_dir/posa-eps-converted-to.pdf  u
sed on input line 43.
(luatex.def)             Requested size: 292.77629pt x 212.0625pt.
Package epstopdf Info: Source file: <media/2_kin_din/1_cin_dir/posizione_grippe
r.eps>
(epstopdf)                    date: 2025-06-23 23:37:37
(epstopdf)                    size: 23698 bytes
(epstopdf)             Output file: <media/2_kin_din/1_cin_dir/posizione_grippe
r-eps-converted-to.pdf>
(epstopdf)                    date: 2025-06-24 17:20:14
(epstopdf)                    size: 10040 bytes
(epstopdf)             Command: <repstopdf --outfile=media/2_kin_din/1_cin_dir/
posizione_gripper-eps-converted-to.pdf media/2_kin_din/1_cin_dir/posizione_grip
per.eps>
(epstopdf)             \includegraphics on input line 50.
Package epstopdf Info: Output file is already uptodate.
<media/2_kin_din/1_cin_dir/posizione_gripper-eps-converted-to.pdf, id=463, 421.
575pt x 316.18124pt>
File: media/2_kin_din/1_cin_dir/posizione_gripper-eps-converted-to.pdf Graphic 
file (type pdf)
<use media/2_kin_din/1_cin_dir/posizione_gripper-eps-converted-to.pdf>
Package luatex.def Info: media/2_kin_din/1_cin_dir/posizione_gripper-eps-conver
ted-to.pdf  used on input line 50.
(luatex.def)             Requested size: 292.77629pt x 219.5837pt.
Package epstopdf Info: Source file: <media/2_kin_din/1_cin_dir/velocità_grippe
r.eps>
(epstopdf)                    date: 2025-06-23 23:37:37
(epstopdf)                    size: 28298 bytes
(epstopdf)             Output file: <media/2_kin_din/1_cin_dir/velocità_grippe
r-eps-converted-to.pdf>
(epstopdf)                    date: 2025-06-24 17:20:15
(epstopdf)                    size: 11384 bytes
(epstopdf)             Command: <repstopdf --outfile=media/2_kin_din/1_cin_dir/
velocità_gripper-eps-converted-to.pdf media/2_kin_din/1_cin_dir/velocità_grip
per.eps>
(epstopdf)             \includegraphics on input line 57.
Package epstopdf Info: Output file is already uptodate.
<media/2_kin_din/1_cin_dir/velocità_gripper-eps-converted-to.pdf, id=464, 414.
54875pt x 321.2pt>
File: media/2_kin_din/1_cin_dir/velocità_gripper-eps-converted-to.pdf Graphic 
file (type pdf)
<use media/2_kin_din/1_cin_dir/velocità_gripper-eps-converted-to.pdf>
Package luatex.def Info: media/2_kin_din/1_cin_dir/velocità_gripper-eps-conver
ted-to.pdf  used on input line 57.
(luatex.def)             Requested size: 292.77629pt x 226.85283pt.

Underfull \vbox (badness 2600) has occurred while \output is active []

 [17<./media/2_kin_din/1_cin_dir/posa-eps-converted-to.pdf><./media/2_kin_din/1_
cin_dir/posizione_gripper-eps-converted-to.pdf>]
Package epstopdf Info: Source file: <media/2_kin_din/1_cin_dir/accelerazione_gr
ipper.eps>
(epstopdf)                    date: 2025-06-23 23:37:37
(epstopdf)                    size: 28543 bytes
(epstopdf)             Output file: <media/2_kin_din/1_cin_dir/accelerazione_gr
ipper-eps-converted-to.pdf>
(epstopdf)                    date: 2025-06-24 17:20:15
(epstopdf)                    size: 11425 bytes
(epstopdf)             Command: <repstopdf --outfile=media/2_kin_din/1_cin_dir/
accelerazione_gripper-eps-converted-to.pdf media/2_kin_din/1_cin_dir/accelerazi
one_gripper.eps>
(epstopdf)             \includegraphics on input line 64.
Package epstopdf Info: Output file is already uptodate.
<media/2_kin_din/1_cin_dir/accelerazione_gripper-eps-converted-to.pdf, id=484, 
414.54875pt x 321.2pt>
File: media/2_kin_din/1_cin_dir/accelerazione_gripper-eps-converted-to.pdf Grap
hic file (type pdf)
<use media/2_kin_din/1_cin_dir/accelerazione_gripper-eps-converted-to.pdf>
Package luatex.def Info: media/2_kin_din/1_cin_dir/accelerazione_gripper-eps-co
nverted-to.pdf  used on input line 64.
(luatex.def)             Requested size: 292.77629pt x 226.85283pt.
Package epstopdf Info: Source file: <media/2_kin_din/1_cin_dir/g_joint.eps>
(epstopdf)                    date: 2025-06-23 23:37:37
(epstopdf)                    size: 41747 bytes
(epstopdf)             Output file: <media/2_kin_din/1_cin_dir/g_joint-eps-conv
erted-to.pdf>
(epstopdf)                    date: 2025-06-24 17:20:16
(epstopdf)                    size: 12185 bytes
(epstopdf)             Command: <repstopdf --outfile=media/2_kin_din/1_cin_dir/
g_joint-eps-converted-to.pdf media/2_kin_din/1_cin_dir/g_joint.eps>
(epstopdf)             \includegraphics on input line 71.
Package epstopdf Info: Output file is already uptodate.
<media/2_kin_din/1_cin_dir/g_joint-eps-converted-to.pdf, id=485, 429.605pt x 45
3.695pt>
File: media/2_kin_din/1_cin_dir/g_joint-eps-converted-to.pdf Graphic file (type
 pdf)
<use media/2_kin_din/1_cin_dir/g_joint-eps-converted-to.pdf>
Package luatex.def Info: media/2_kin_din/1_cin_dir/g_joint-eps-converted-to.pdf
  used on input line 71.
(luatex.def)             Requested size: 292.77629pt x 309.2008pt.

Underfull \vbox (badness 2205) has occurred while \output is active []

 [18<./media/2_kin_din/1_cin_dir/velocità_gripper-eps-converted-to.pdf><./media
/2_kin_din/1_cin_dir/accelerazione_gripper-eps-converted-to.pdf>]
(./media/2_kin_din/2_cin_inv/SCARAinv.m [19<./media/2_kin_din/1_cin_dir/g_joint-
eps-converted-to.pdf>])
(./media/2_kin_din/2_cin_inv/cinematica_SCARA_jac_inv.m [20]
Underfull \vbox (badness 10000) has occurred while \output is active []

 [21]
Underfull \vbox (badness 10000) has occurred while \output is active []

 [22])
Package epstopdf Info: Source file: <media/2_kin_din/2_cin_inv/posa.eps>
(epstopdf)                    date: 2025-06-23 23:37:37
(epstopdf)                    size: 30962 bytes
(epstopdf)             Output file: <media/2_kin_din/2_cin_inv/posa-eps-convert
ed-to.pdf>
(epstopdf)                    date: 2025-06-24 17:20:16
(epstopdf)                    size: 10961 bytes
(epstopdf)             Command: <repstopdf --outfile=media/2_kin_din/2_cin_inv/
posa-eps-converted-to.pdf media/2_kin_din/2_cin_inv/posa.eps>
(epstopdf)             \includegraphics on input line 101.
Package epstopdf Info: Output file is already uptodate.
<media/2_kin_din/2_cin_inv/posa-eps-converted-to.pdf, id=683, 429.605pt x 311.1
625pt>
File: media/2_kin_din/2_cin_inv/posa-eps-converted-to.pdf Graphic file (type pd
f)
<use media/2_kin_din/2_cin_inv/posa-eps-converted-to.pdf>
Package luatex.def Info: media/2_kin_din/2_cin_inv/posa-eps-converted-to.pdf  u
sed on input line 101.
(luatex.def)             Requested size: 292.77629pt x 212.0625pt.
Package epstopdf Info: Source file: <media/2_kin_din/2_cin_inv/pos_fisso.eps>
(epstopdf)                    date: 2025-06-23 23:37:37
(epstopdf)                    size: 23546 bytes
(epstopdf)             Output file: <media/2_kin_din/2_cin_inv/pos_fisso-eps-co
nverted-to.pdf>
(epstopdf)                    date: 2025-06-24 17:20:17
(epstopdf)                    size: 9773 bytes
(epstopdf)             Command: <repstopdf --outfile=media/2_kin_din/2_cin_inv/
pos_fisso-eps-converted-to.pdf media/2_kin_din/2_cin_inv/pos_fisso.eps>
(epstopdf)             \includegraphics on input line 108.
Package epstopdf Info: Output file is already uptodate.
<media/2_kin_din/2_cin_inv/pos_fisso-eps-converted-to.pdf, id=684, 421.575pt x 
316.18124pt>
File: media/2_kin_din/2_cin_inv/pos_fisso-eps-converted-to.pdf Graphic file (ty
pe pdf)
<use media/2_kin_din/2_cin_inv/pos_fisso-eps-converted-to.pdf>
Package luatex.def Info: media/2_kin_din/2_cin_inv/pos_fisso-eps-converted-to.p
df  used on input line 108.
(luatex.def)             Requested size: 292.77629pt x 219.5837pt.
Package epstopdf Info: Source file: <media/2_kin_din/2_cin_inv/vel_fisso.eps>
(epstopdf)                    date: 2025-06-23 23:37:37
(epstopdf)                    size: 28859 bytes
(epstopdf)             Output file: <media/2_kin_din/2_cin_inv/vel_fisso-eps-co
nverted-to.pdf>
(epstopdf)                    date: 2025-06-24 17:20:17
(epstopdf)                    size: 11402 bytes
(epstopdf)             Command: <repstopdf --outfile=media/2_kin_din/2_cin_inv/
vel_fisso-eps-converted-to.pdf media/2_kin_din/2_cin_inv/vel_fisso.eps>
(epstopdf)             \includegraphics on input line 115.
Package epstopdf Info: Output file is already uptodate.
<media/2_kin_din/2_cin_inv/vel_fisso-eps-converted-to.pdf, id=685, 421.575pt x 
316.18124pt>
File: media/2_kin_din/2_cin_inv/vel_fisso-eps-converted-to.pdf Graphic file (ty
pe pdf)
<use media/2_kin_din/2_cin_inv/vel_fisso-eps-converted-to.pdf>
Package luatex.def Info: media/2_kin_din/2_cin_inv/vel_fisso-eps-converted-to.p
df  used on input line 115.
(luatex.def)             Requested size: 292.77629pt x 219.5837pt.

[23<./media/2_kin_din/2_cin_inv/posa-eps-converted-to.pdf><./media/2_kin_din/2_c
in_inv/pos_fisso-eps-converted-to.pdf>]
Package epstopdf Info: Source file: <media/2_kin_din/2_cin_inv/acc_fisso.eps>
(epstopdf)                    date: 2025-06-23 23:37:37
(epstopdf)                    size: 30097 bytes
(epstopdf)             Output file: <media/2_kin_din/2_cin_inv/acc_fisso-eps-co
nverted-to.pdf>
(epstopdf)                    date: 2025-06-24 17:20:18
(epstopdf)                    size: 11310 bytes
(epstopdf)             Command: <repstopdf --outfile=media/2_kin_din/2_cin_inv/
acc_fisso-eps-converted-to.pdf media/2_kin_din/2_cin_inv/acc_fisso.eps>
(epstopdf)             \includegraphics on input line 122.
Package epstopdf Info: Output file is already uptodate.
<media/2_kin_din/2_cin_inv/acc_fisso-eps-converted-to.pdf, id=708, 422.57875pt 
x 316.18124pt>
File: media/2_kin_din/2_cin_inv/acc_fisso-eps-converted-to.pdf Graphic file (ty
pe pdf)
<use media/2_kin_din/2_cin_inv/acc_fisso-eps-converted-to.pdf>
Package luatex.def Info: media/2_kin_din/2_cin_inv/acc_fisso-eps-converted-to.p
df  used on input line 122.
(luatex.def)             Requested size: 292.77629pt x 219.06747pt.
Package epstopdf Info: Source file: <media/2_kin_din/2_cin_inv/gripper_fisso.ep
s>
(epstopdf)                    date: 2025-06-23 23:37:37
(epstopdf)                    size: 39258 bytes
(epstopdf)             Output file: <media/2_kin_din/2_cin_inv/gripper_fisso-ep
s-converted-to.pdf>
(epstopdf)                    date: 2025-06-24 17:20:18
(epstopdf)                    size: 12012 bytes
(epstopdf)             Command: <repstopdf --outfile=media/2_kin_din/2_cin_inv/
gripper_fisso-eps-converted-to.pdf media/2_kin_din/2_cin_inv/gripper_fisso.eps>

(epstopdf)             \includegraphics on input line 129.
Package epstopdf Info: Output file is already uptodate.
<media/2_kin_din/2_cin_inv/gripper_fisso-eps-converted-to.pdf, id=709, 421.575p
t x 316.18124pt>
File: media/2_kin_din/2_cin_inv/gripper_fisso-eps-converted-to.pdf Graphic file
 (type pdf)
<use media/2_kin_din/2_cin_inv/gripper_fisso-eps-converted-to.pdf>
Package luatex.def Info: media/2_kin_din/2_cin_inv/gripper_fisso-eps-converted-
to.pdf  used on input line 129.
(luatex.def)             Requested size: 292.77629pt x 219.5837pt.

Underfull \vbox (badness 10000) has occurred while \output is active []

 [24<./media/2_kin_din/2_cin_inv/vel_fisso-eps-converted-to.pdf><./media/2_kin_d
in/2_cin_inv/acc_fisso-eps-converted-to.pdf>]
Package epstopdf Info: Source file: <media/2_kin_din/2_cin_inv/pos_giunti.eps>
(epstopdf)                    date: 2025-06-23 23:37:37
(epstopdf)                    size: 22098 bytes
(epstopdf)             Output file: <media/2_kin_din/2_cin_inv/pos_giunti-eps-c
onverted-to.pdf>
(epstopdf)                    date: 2025-06-24 17:20:19
(epstopdf)                    size: 9475 bytes
(epstopdf)             Command: <repstopdf --outfile=media/2_kin_din/2_cin_inv/
pos_giunti-eps-converted-to.pdf media/2_kin_din/2_cin_inv/pos_giunti.eps>
(epstopdf)             \includegraphics on input line 136.
Package epstopdf Info: Output file is already uptodate.
<media/2_kin_din/2_cin_inv/pos_giunti-eps-converted-to.pdf, id=728, 421.575pt x
 316.18124pt>
File: media/2_kin_din/2_cin_inv/pos_giunti-eps-converted-to.pdf Graphic file (t
ype pdf)
<use media/2_kin_din/2_cin_inv/pos_giunti-eps-converted-to.pdf>
Package luatex.def Info: media/2_kin_din/2_cin_inv/pos_giunti-eps-converted-to.
pdf  used on input line 136.
(luatex.def)             Requested size: 334.60422pt x 250.95763pt.
Package epstopdf Info: Source file: <media/2_kin_din/2_cin_inv/vel_giunti.eps>
(epstopdf)                    date: 2025-06-23 23:37:37
(epstopdf)                    size: 28280 bytes
(epstopdf)             Output file: <media/2_kin_din/2_cin_inv/vel_giunti-eps-c
onverted-to.pdf>
(epstopdf)                    date: 2025-06-24 17:20:19
(epstopdf)                    size: 11761 bytes
(epstopdf)             Command: <repstopdf --outfile=media/2_kin_din/2_cin_inv/
vel_giunti-eps-converted-to.pdf media/2_kin_din/2_cin_inv/vel_giunti.eps>
(epstopdf)             \includegraphics on input line 143.
Package epstopdf Info: Output file is already uptodate.
<media/2_kin_din/2_cin_inv/vel_giunti-eps-converted-to.pdf, id=729, 421.575pt x
 316.18124pt>
File: media/2_kin_din/2_cin_inv/vel_giunti-eps-converted-to.pdf Graphic file (t
ype pdf)
<use media/2_kin_din/2_cin_inv/vel_giunti-eps-converted-to.pdf>
Package luatex.def Info: media/2_kin_din/2_cin_inv/vel_giunti-eps-converted-to.
pdf  used on input line 143.
(luatex.def)             Requested size: 334.60422pt x 250.95763pt.
Package epstopdf Info: Source file: <media/2_kin_din/2_cin_inv/acc_giunti.eps>
(epstopdf)                    date: 2025-06-23 23:37:37
(epstopdf)                    size: 28951 bytes
(epstopdf)             Output file: <media/2_kin_din/2_cin_inv/acc_giunti-eps-c
onverted-to.pdf>
(epstopdf)                    date: 2025-06-24 17:20:20
(epstopdf)                    size: 11719 bytes
(epstopdf)             Command: <repstopdf --outfile=media/2_kin_din/2_cin_inv/
acc_giunti-eps-converted-to.pdf media/2_kin_din/2_cin_inv/acc_giunti.eps>
(epstopdf)             \includegraphics on input line 150.
Package epstopdf Info: Output file is already uptodate.
<media/2_kin_din/2_cin_inv/acc_giunti-eps-converted-to.pdf, id=730, 421.575pt x
 316.18124pt>
File: media/2_kin_din/2_cin_inv/acc_giunti-eps-converted-to.pdf Graphic file (t
ype pdf)
<use media/2_kin_din/2_cin_inv/acc_giunti-eps-converted-to.pdf>
Package luatex.def Info: media/2_kin_din/2_cin_inv/acc_giunti-eps-converted-to.
pdf  used on input line 150.
(luatex.def)             Requested size: 292.77629pt x 219.5837pt.
Package epstopdf Info: Source file: <media/2_kin_din/2_cin_inv/prism_giunti.eps
>
(epstopdf)                    date: 2025-06-23 23:37:37
(epstopdf)                    size: 39145 bytes
(epstopdf)             Output file: <media/2_kin_din/2_cin_inv/prism_giunti-eps
-converted-to.pdf>
(epstopdf)                    date: 2025-06-24 17:20:20
(epstopdf)                    size: 11920 bytes
(epstopdf)             Command: <repstopdf --outfile=media/2_kin_din/2_cin_inv/
prism_giunti-eps-converted-to.pdf media/2_kin_din/2_cin_inv/prism_giunti.eps>
(epstopdf)             \includegraphics on input line 157.
Package epstopdf Info: Output file is already uptodate.
<media/2_kin_din/2_cin_inv/prism_giunti-eps-converted-to.pdf, id=731, 421.575pt
 x 316.18124pt>
File: media/2_kin_din/2_cin_inv/prism_giunti-eps-converted-to.pdf Graphic file 
(type pdf)
<use media/2_kin_din/2_cin_inv/prism_giunti-eps-converted-to.pdf>
Package luatex.def Info: media/2_kin_din/2_cin_inv/prism_giunti-eps-converted-t
o.pdf  used on input line 157.
(luatex.def)             Requested size: 292.77629pt x 219.5837pt.

Underfull \vbox (badness 10000) has occurred while \output is active []

 [25<./media/2_kin_din/2_cin_inv/gripper_fisso-eps-converted-to.pdf><./media/2_k
in_din/2_cin_inv/pos_giunti-eps-converted-to.pdf>] [26<./media/2_kin_din/2_cin_i
nv/vel_giunti-eps-converted-to.pdf><./media/2_kin_din/2_cin_inv/acc_giunti-eps-c
onverted-to.pdf>]
Underfull \vbox (badness 1210) has occurred while \output is active []

 [27<./media/2_kin_din/2_cin_inv/prism_giunti-eps-converted-to.pdf>])
(./chapters/simulation_assigned_task.tex [28]
Capitolo 3.
Package epstopdf Info: Source file: <media/1_intro/elaborato.eps>
(epstopdf)                    date: 2025-09-12 11:35:29
(epstopdf)                    size: 127832 bytes
(epstopdf)             Output file: <media/1_intro/elaborato-eps-converted-to.p
df>
(epstopdf)                    date: 2025-09-12 11:36:06
(epstopdf)                    size: 44670 bytes
(epstopdf)             Command: <repstopdf --outfile=media/1_intro/elaborato-ep
s-converted-to.pdf media/1_intro/elaborato.eps>
(epstopdf)             \includegraphics on input line 9.
Package epstopdf Info: Output file is already uptodate.
File: media/1_intro/elaborato-eps-converted-to.pdf Graphic file (type pdf)
<use media/1_intro/elaborato-eps-converted-to.pdf>
Package luatex.def Info: media/1_intro/elaborato-eps-converted-to.pdf  used on 
input line 9.
(luatex.def)             Requested size: 125.47737pt x 253.10608pt.
(./media/3_simulazione_traiettoria/creazione_nodi.m [29

])
(./media/3_simulazione_traiettoria/creazione_nodi.m
consecutive:
) (./media/3_simulazione_traiettoria/creazione_nodi.m
consecutive:
)
Package epstopdf Info: Source file: <media/3_simulazione_traiettoria/traiettori
a_completa.eps>
(epstopdf)                    date: 2025-09-15 11:52:39
(epstopdf)                    size: 475128 bytes
(epstopdf)             Output file: <media/3_simulazione_traiettoria/traiettori
a_completa-eps-converted-to.pdf>
(epstopdf)                    date: 2025-09-15 11:58:24
(epstopdf)                    size: 64744 bytes
(epstopdf)             Command: <repstopdf --outfile=media/3_simulazione_traiet
toria/traiettoria_completa-eps-converted-to.pdf media/3_simulazione_traiettoria
/traiettoria_completa.eps>
(epstopdf)             \includegraphics on input line 27.
Package epstopdf Info: Output file is already uptodate.
<media/3_simulazione_traiettoria/traiettoria_completa-eps-converted-to.pdf, id=
795, 421.575pt x 316.18124pt>
File: media/3_simulazione_traiettoria/traiettoria_completa-eps-converted-to.pdf
 Graphic file (type pdf)
<use media/3_simulazione_traiettoria/traiettoria_completa-eps-converted-to.pdf>

Package luatex.def Info: media/3_simulazione_traiettoria/traiettoria_completa-e
ps-converted-to.pdf  used on input line 27.
(luatex.def)             Requested size: 418.25368pt x 313.69583pt.
 [30] [31<./media/3_simulazione_traiettoria/traiettoria_completa-eps-converted-t
o.pdf>] (./media/3_simulazione_traiettoria/tratto_iniziale.m)
Package epstopdf Info: Source file: <media/3_simulazione_traiettoria/traiettori
a_j_iniziale.eps>
(epstopdf)                    date: 2025-09-12 17:11:22
(epstopdf)                    size: 34359 bytes
(epstopdf)             Output file: <media/3_simulazione_traiettoria/traiettori
a_j_iniziale-eps-converted-to.pdf>
(epstopdf)                    date: 2025-09-12 17:15:01
(epstopdf)                    size: 10056 bytes
(epstopdf)             Command: <repstopdf --outfile=media/3_simulazione_traiet
toria/traiettoria_j_iniziale-eps-converted-to.pdf media/3_simulazione_traiettor
ia/traiettoria_j_iniziale.eps>
(epstopdf)             \includegraphics on input line 42.
Package epstopdf Info: Output file is already uptodate.
<media/3_simulazione_traiettoria/traiettoria_j_iniziale-eps-converted-to.pdf, i
d=852, 368.37625pt x 271.0125pt>
File: media/3_simulazione_traiettoria/traiettoria_j_iniziale-eps-converted-to.p
df Graphic file (type pdf)
<use media/3_simulazione_traiettoria/traiettoria_j_iniziale-eps-converted-to.pd
f>
Package luatex.def Info: media/3_simulazione_traiettoria/traiettoria_j_iniziale
-eps-converted-to.pdf  used on input line 42.
(luatex.def)             Requested size: 334.60422pt x 246.16272pt.
Package epstopdf Info: Source file: <media/3_simulazione_traiettoria/traiettori
a_w_iniziale.eps>
(epstopdf)                    date: 2025-09-12 17:11:21
(epstopdf)                    size: 35311 bytes
(epstopdf)             Output file: <media/3_simulazione_traiettoria/traiettori
a_w_iniziale-eps-converted-to.pdf>
(epstopdf)                    date: 2025-09-12 17:15:01
(epstopdf)                    size: 10160 bytes
(epstopdf)             Command: <repstopdf --outfile=media/3_simulazione_traiet
toria/traiettoria_w_iniziale-eps-converted-to.pdf media/3_simulazione_traiettor
ia/traiettoria_w_iniziale.eps>
(epstopdf)             \includegraphics on input line 48.
Package epstopdf Info: Output file is already uptodate.
<media/3_simulazione_traiettoria/traiettoria_w_iniziale-eps-converted-to.pdf, i
d=853, 355.3275pt x 280.04625pt>
File: media/3_simulazione_traiettoria/traiettoria_w_iniziale-eps-converted-to.p
df Graphic file (type pdf)
<use media/3_simulazione_traiettoria/traiettoria_w_iniziale-eps-converted-to.pd
f>
Package luatex.def Info: media/3_simulazione_traiettoria/traiettoria_w_iniziale
-eps-converted-to.pdf  used on input line 48.
(luatex.def)             Requested size: 334.60422pt x 263.72209pt.
Package epstopdf Info: Source file: <media/3_simulazione_traiettoria/velocita_j
_iniziale.eps>
(epstopdf)                    date: 2025-09-12 17:11:23
(epstopdf)                    size: 41208 bytes
(epstopdf)             Output file: <media/3_simulazione_traiettoria/velocita_j
_iniziale-eps-converted-to.pdf>
(epstopdf)                    date: 2025-09-12 17:19:38
(epstopdf)                    size: 11581 bytes
(epstopdf)             Command: <repstopdf --outfile=media/3_simulazione_traiet
toria/velocita_j_iniziale-eps-converted-to.pdf media/3_simulazione_traiettoria/
velocita_j_iniziale.eps>
(epstopdf)             \includegraphics on input line 58.
Package epstopdf Info: Output file is already uptodate.
<media/3_simulazione_traiettoria/velocita_j_iniziale-eps-converted-to.pdf, id=8
54, 367.3725pt x 271.0125pt>
File: media/3_simulazione_traiettoria/velocita_j_iniziale-eps-converted-to.pdf 
Graphic file (type pdf)
<use media/3_simulazione_traiettoria/velocita_j_iniziale-eps-converted-to.pdf>
Package luatex.def Info: media/3_simulazione_traiettoria/velocita_j_iniziale-ep
s-converted-to.pdf  used on input line 58.
(luatex.def)             Requested size: 334.60422pt x 246.85745pt.
Package epstopdf Info: Source file: <media/3_simulazione_traiettoria/velocita_w
_iniziale.eps>
(epstopdf)                    date: 2025-09-12 17:11:22
(epstopdf)                    size: 40106 bytes
(epstopdf)             Output file: <media/3_simulazione_traiettoria/velocita_w
_iniziale-eps-converted-to.pdf>
(epstopdf)                    date: 2025-09-12 17:19:38
(epstopdf)                    size: 11712 bytes
(epstopdf)             Command: <repstopdf --outfile=media/3_simulazione_traiet
toria/velocita_w_iniziale-eps-converted-to.pdf media/3_simulazione_traiettoria/
velocita_w_iniziale.eps>
(epstopdf)             \includegraphics on input line 64.
Package epstopdf Info: Output file is already uptodate.
<media/3_simulazione_traiettoria/velocita_w_iniziale-eps-converted-to.pdf, id=8
55, 358.33875pt x 276.03125pt>
File: media/3_simulazione_traiettoria/velocita_w_iniziale-eps-converted-to.pdf 
Graphic file (type pdf)
<use media/3_simulazione_traiettoria/velocita_w_iniziale-eps-converted-to.pdf>
Package luatex.def Info: media/3_simulazione_traiettoria/velocita_w_iniziale-ep
s-converted-to.pdf  used on input line 64.
(luatex.def)             Requested size: 334.60422pt x 257.76358pt.
Package epstopdf Info: Source file: <media/3_simulazione_traiettoria/accelerazi
one_j_iniziale.eps>
(epstopdf)                    date: 2025-09-12 17:11:23
(epstopdf)                    size: 41699 bytes
(epstopdf)             Output file: <media/3_simulazione_traiettoria/accelerazi
one_j_iniziale-eps-converted-to.pdf>
(epstopdf)                    date: 2025-09-12 17:19:39
(epstopdf)                    size: 11723 bytes
(epstopdf)             Command: <repstopdf --outfile=media/3_simulazione_traiet
toria/accelerazione_j_iniziale-eps-converted-to.pdf media/3_simulazione_traiett
oria/accelerazione_j_iniziale.eps>
(epstopdf)             \includegraphics on input line 74.
Package epstopdf Info: Output file is already uptodate.
<media/3_simulazione_traiettoria/accelerazione_j_iniziale-eps-converted-to.pdf,
 id=856, 372.39125pt x 271.0125pt>
File: media/3_simulazione_traiettoria/accelerazione_j_iniziale-eps-converted-to
.pdf Graphic file (type pdf)
<use media/3_simulazione_traiettoria/accelerazione_j_iniziale-eps-converted-to.
pdf>
Package luatex.def Info: media/3_simulazione_traiettoria/accelerazione_j_inizia
le-eps-converted-to.pdf  used on input line 74.
(luatex.def)             Requested size: 334.60422pt x 243.52026pt.
Package epstopdf Info: Source file: <media/3_simulazione_traiettoria/accelerazi
one_w_iniziale.eps>
(epstopdf)                    date: 2025-09-12 17:11:22
(epstopdf)                    size: 42661 bytes
(epstopdf)             Output file: <media/3_simulazione_traiettoria/accelerazi
one_w_iniziale-eps-converted-to.pdf>
(epstopdf)                    date: 2025-09-12 17:19:39
(epstopdf)                    size: 11905 bytes
(epstopdf)             Command: <repstopdf --outfile=media/3_simulazione_traiet
toria/accelerazione_w_iniziale-eps-converted-to.pdf media/3_simulazione_traiett
oria/accelerazione_w_iniziale.eps>
(epstopdf)             \includegraphics on input line 80.
Package epstopdf Info: Output file is already uptodate.
<media/3_simulazione_traiettoria/accelerazione_w_iniziale-eps-converted-to.pdf,
 id=857, 372.39125pt x 271.0125pt>
File: media/3_simulazione_traiettoria/accelerazione_w_iniziale-eps-converted-to
.pdf Graphic file (type pdf)
<use media/3_simulazione_traiettoria/accelerazione_w_iniziale-eps-converted-to.
pdf>
Package luatex.def Info: media/3_simulazione_traiettoria/accelerazione_w_inizia
le-eps-converted-to.pdf  used on input line 80.
(luatex.def)             Requested size: 334.60422pt x 243.52026pt.
 [32] [33<./media/3_simulazione_traiettoria/traiettoria_j_iniziale-eps-converted
-to.pdf><./media/3_simulazione_traiettoria/traiettoria_w_iniziale-eps-converted-
to.pdf>]
[34<./media/3_simulazione_traiettoria/velocita_j_iniziale-eps-converted-to.pdf><
./media/3_simulazione_traiettoria/velocita_w_iniziale-eps-converted-to.pdf>]
[35<./media/3_simulazione_traiettoria/accelerazione_j_iniziale-eps-converted-to.
pdf><./media/3_simulazione_traiettoria/accelerazione_w_iniziale-eps-converted-to
.pdf>] [36] (./media/3_simulazione_traiettoria/tratto_finale.m)
Package epstopdf Info: Source file: <media/3_simulazione_traiettoria/traiettori
a_j_finale.eps>
(epstopdf)                    date: 2025-09-12 18:10:15
(epstopdf)                    size: 38391 bytes
(epstopdf)             Output file: <media/3_simulazione_traiettoria/traiettori
a_j_finale-eps-converted-to.pdf>
(epstopdf)                    date: 2025-09-12 18:11:02
(epstopdf)                    size: 9939 bytes
(epstopdf)             Command: <repstopdf --outfile=media/3_simulazione_traiet
toria/traiettoria_j_finale-eps-converted-to.pdf media/3_simulazione_traiettoria
/traiettoria_j_finale.eps>
(epstopdf)             \includegraphics on input line 100.
Package epstopdf Info: Output file is already uptodate.
<media/3_simulazione_traiettoria/traiettoria_j_finale-eps-converted-to.pdf, id=
955, 368.37625pt x 271.0125pt>
File: media/3_simulazione_traiettoria/traiettoria_j_finale-eps-converted-to.pdf
 Graphic file (type pdf)
<use media/3_simulazione_traiettoria/traiettoria_j_finale-eps-converted-to.pdf>

Package luatex.def Info: media/3_simulazione_traiettoria/traiettoria_j_finale-e
ps-converted-to.pdf  used on input line 100.
(luatex.def)             Requested size: 334.60422pt x 246.16272pt.
Package epstopdf Info: Source file: <media/3_simulazione_traiettoria/traiettori
a_w_finale.eps>
(epstopdf)                    date: 2025-09-12 18:10:14
(epstopdf)                    size: 38916 bytes
(epstopdf)             Output file: <media/3_simulazione_traiettoria/traiettori
a_w_finale-eps-converted-to.pdf>
(epstopdf)                    date: 2025-09-12 18:11:02
(epstopdf)                    size: 10195 bytes
(epstopdf)             Command: <repstopdf --outfile=media/3_simulazione_traiet
toria/traiettoria_w_finale-eps-converted-to.pdf media/3_simulazione_traiettoria
/traiettoria_w_finale.eps>
(epstopdf)             \includegraphics on input line 106.
Package epstopdf Info: Output file is already uptodate.
<media/3_simulazione_traiettoria/traiettoria_w_finale-eps-converted-to.pdf, id=
956, 355.3275pt x 280.04625pt>
File: media/3_simulazione_traiettoria/traiettoria_w_finale-eps-converted-to.pdf
 Graphic file (type pdf)
<use media/3_simulazione_traiettoria/traiettoria_w_finale-eps-converted-to.pdf>

Package luatex.def Info: media/3_simulazione_traiettoria/traiettoria_w_finale-e
ps-converted-to.pdf  used on input line 106.
(luatex.def)             Requested size: 334.60422pt x 263.72209pt.
Package epstopdf Info: Source file: <media/3_simulazione_traiettoria/velocita_j
_finale.eps>
(epstopdf)                    date: 2025-09-12 18:10:16
(epstopdf)                    size: 45277 bytes
(epstopdf)             Output file: <media/3_simulazione_traiettoria/velocita_j
_finale-eps-converted-to.pdf>
(epstopdf)                    date: 2025-09-12 18:11:02
(epstopdf)                    size: 11501 bytes
(epstopdf)             Command: <repstopdf --outfile=media/3_simulazione_traiet
toria/velocita_j_finale-eps-converted-to.pdf media/3_simulazione_traiettoria/ve
locita_j_finale.eps>
(epstopdf)             \includegraphics on input line 116.
Package epstopdf Info: Output file is already uptodate.
<media/3_simulazione_traiettoria/velocita_j_finale-eps-converted-to.pdf, id=957
, 367.3725pt x 271.0125pt>
File: media/3_simulazione_traiettoria/velocita_j_finale-eps-converted-to.pdf Gr
aphic file (type pdf)
<use media/3_simulazione_traiettoria/velocita_j_finale-eps-converted-to.pdf>
Package luatex.def Info: media/3_simulazione_traiettoria/velocita_j_finale-eps-
converted-to.pdf  used on input line 116.
(luatex.def)             Requested size: 334.60422pt x 246.85745pt.
Package epstopdf Info: Source file: <media/3_simulazione_traiettoria/velocita_w
_finale.eps>
(epstopdf)                    date: 2025-09-12 18:10:14
(epstopdf)                    size: 46173 bytes
(epstopdf)             Output file: <media/3_simulazione_traiettoria/velocita_w
_finale-eps-converted-to.pdf>
(epstopdf)                    date: 2025-09-12 18:11:03
(epstopdf)                    size: 11868 bytes
(epstopdf)             Command: <repstopdf --outfile=media/3_simulazione_traiet
toria/velocita_w_finale-eps-converted-to.pdf media/3_simulazione_traiettoria/ve
locita_w_finale.eps>
(epstopdf)             \includegraphics on input line 122.
Package epstopdf Info: Output file is already uptodate.
<media/3_simulazione_traiettoria/velocita_w_finale-eps-converted-to.pdf, id=958
, 367.3725pt x 271.0125pt>
File: media/3_simulazione_traiettoria/velocita_w_finale-eps-converted-to.pdf Gr
aphic file (type pdf)
<use media/3_simulazione_traiettoria/velocita_w_finale-eps-converted-to.pdf>
Package luatex.def Info: media/3_simulazione_traiettoria/velocita_w_finale-eps-
converted-to.pdf  used on input line 122.
(luatex.def)             Requested size: 334.60422pt x 246.85745pt.
Package epstopdf Info: Source file: <media/3_simulazione_traiettoria/accelerazi
one_j_finale.eps>
(epstopdf)                    date: 2025-09-12 18:10:16
(epstopdf)                    size: 46143 bytes
(epstopdf)             Output file: <media/3_simulazione_traiettoria/accelerazi
one_j_finale-eps-converted-to.pdf>
(epstopdf)                    date: 2025-09-12 18:11:03
(epstopdf)                    size: 11670 bytes
(epstopdf)             Command: <repstopdf --outfile=media/3_simulazione_traiet
toria/accelerazione_j_finale-eps-converted-to.pdf media/3_simulazione_traiettor
ia/accelerazione_j_finale.eps>
(epstopdf)             \includegraphics on input line 132.
Package epstopdf Info: Output file is already uptodate.
<media/3_simulazione_traiettoria/accelerazione_j_finale-eps-converted-to.pdf, i
d=959, 367.3725pt x 271.0125pt>
File: media/3_simulazione_traiettoria/accelerazione_j_finale-eps-converted-to.p
df Graphic file (type pdf)
<use media/3_simulazione_traiettoria/accelerazione_j_finale-eps-converted-to.pd
f>
Package luatex.def Info: media/3_simulazione_traiettoria/accelerazione_j_finale
-eps-converted-to.pdf  used on input line 132.
(luatex.def)             Requested size: 334.60422pt x 246.85745pt.
Package epstopdf Info: Source file: <media/3_simulazione_traiettoria/accelerazi
one_w_finale.eps>
(epstopdf)                    date: 2025-09-12 18:10:15
(epstopdf)                    size: 47131 bytes
(epstopdf)             Output file: <media/3_simulazione_traiettoria/accelerazi
one_w_finale-eps-converted-to.pdf>
(epstopdf)                    date: 2025-09-12 18:11:03
(epstopdf)                    size: 11826 bytes
(epstopdf)             Command: <repstopdf --outfile=media/3_simulazione_traiet
toria/accelerazione_w_finale-eps-converted-to.pdf media/3_simulazione_traiettor
ia/accelerazione_w_finale.eps>
(epstopdf)             \includegraphics on input line 138.
Package epstopdf Info: Output file is already uptodate.
<media/3_simulazione_traiettoria/accelerazione_w_finale-eps-converted-to.pdf, i
d=960, 367.3725pt x 271.0125pt>
File: media/3_simulazione_traiettoria/accelerazione_w_finale-eps-converted-to.p
df Graphic file (type pdf)
<use media/3_simulazione_traiettoria/accelerazione_w_finale-eps-converted-to.pd
f>
Package luatex.def Info: media/3_simulazione_traiettoria/accelerazione_w_finale
-eps-converted-to.pdf  used on input line 138.
(luatex.def)             Requested size: 334.60422pt x 246.85745pt.
 [37] [38<./media/3_simulazione_traiettoria/traiettoria_j_finale-eps-converted-t
o.pdf><./media/3_simulazione_traiettoria/traiettoria_w_finale-eps-converted-to.p
df>]
[39<./media/3_simulazione_traiettoria/velocita_j_finale-eps-converted-to.pdf><./
media/3_simulazione_traiettoria/velocita_w_finale-eps-converted-to.pdf>]
[40<./media/3_simulazione_traiettoria/accelerazione_j_finale-eps-converted-to.pd
f><./media/3_simulazione_traiettoria/accelerazione_w_finale-eps-converted-to.pdf
>]) (./chapters/control_structure.tex [41] [42

]
Capitolo 4.
) [43] (./main.aux)

LaTeX Warning: There were multiply-defined labels.

Package rerunfilecheck Info: File `main.out' has not changed.
(rerunfilecheck)             Checksum: 0AB97D859B4AB2B97A20B4B879F1CF07;2635.
)

Here is how much of LuaTeX's memory you used:
 35613 strings out of 477805
 596195,1373583 words of node,token memory allocated
 758 words of node memory still in use:
   7 hlist, 2 vlist, 2 rule, 7 glue, 4 kern, 1 glyph, 42 attribute, 69 glue_spec
, 23 attribute_list, 2 write, 6 pdf_action nodes
   avail lists: 1:1,2:12244,3:346,4:11712,5:10979,6:120,7:20358,8:101,9:32136,10
:54,11:1676
 53600 multiletter control sequences out of 65536+600000
 81 fonts using 5229487 bytes
 109i,18n,100p,558b,2048s stack positions out of 5000i,500n,10000p,200000b,80000s
{/usr/share/texmf/fonts/enc/dvips/lm/lm-ec.enc}{/usr/share/texmf/fonts/enc/dvips
/lm/lm-ts1.enc}</usr/share/texlive/texmf-dist/fonts/type1/public/amsfonts/cm/cmb
x10.pfb></usr/share/texlive/texmf-dist/fonts/type1/public/amsfonts/cm/cmbx8.pfb>
</usr/share/texlive/texmf-dist/fonts/type1/public/amsfonts/cm/cmex10.pfb></usr/s
hare/texlive/texmf-dist/fonts/type1/public/amsfonts/cm/cmmi10.pfb></usr/share/te
xlive/texmf-dist/fonts/type1/public/amsfonts/cm/cmmi8.pfb></usr/share/texlive/te
xmf-dist/fonts/type1/public/amsfonts/cm/cmmib10.pfb></usr/share/texlive/texmf-di
st/fonts/type1/public/amsfonts/cm/cmr10.pfb></usr/share/texlive/texmf-dist/fonts
/type1/public/amsfonts/cm/cmr6.pfb></usr/share/texlive/texmf-dist/fonts/type1/pu
blic/amsfonts/cm/cmr8.pfb></usr/share/texlive/texmf-dist/fonts/type1/public/amsf
onts/cm/cmsy10.pfb></usr/share/texlive/texmf-dist/fonts/type1/public/amsfonts/cm
/cmsy8.pfb></usr/share/texmf/fonts/type1/public/lm/lmbx10.pfb></usr/share/texmf/
fonts/type1/public/lm/lmbx12.pfb></usr/share/texmf/fonts/type1/public/lm/lmbxi10
.pfb></usr/share/texmf/fonts/type1/public/lm/lmr10.pfb></usr/share/texmf/fonts/t
ype1/public/lm/lmr12.pfb></usr/share/texmf/fonts/type1/public/lm/lmr17.pfb></usr
/share/texmf/fonts/type1/public/lm/lmr6.pfb></usr/share/texmf/fonts/type1/public
/lm/lmr8.pfb></usr/share/texmf/fonts/type1/public/lm/lmr9.pfb></usr/share/texmf/
fonts/type1/public/lm/lmri10.pfb></usr/share/texmf/fonts/type1/public/lm/lmtt9.p
fb>
Output written on main.pdf (43 pages, 742345 bytes).

PDF statistics: 1160 PDF objects out of 1200 (max. 8388607)
 977 compressed objects within 10 object streams
 512 named destinations out of 1000 (max. 131072)
 166 words of extra memory for PDF output out of 10000 (max. 100000000)

